2025-09-14T16:41:08.432812+00:00 killerser-desktop systemd[1]: Finished systemd-remount-fs.service - Remount Root and Kernel File Systems.
2025-09-14T16:41:08.433049+00:00 killerser-desktop systemd-modules-load[327]: Inserted module 'lp'
2025-09-14T16:41:08.433056+00:00 killerser-desktop systemd-modules-load[327]: Inserted module 'ppdev'
2025-09-14T16:41:08.433059+00:00 killerser-desktop systemd-modules-load[327]: Inserted module 'parport_pc'
2025-09-14T16:41:08.433061+00:00 killerser-desktop systemd[1]: Activating swap swap.img.swap - /swap.img...
2025-09-14T16:41:08.433063+00:00 killerser-desktop systemd[1]: Starting cloud-init-local.service - Cloud-init: Local Stage (pre-network)...
2025-09-14T16:41:08.433065+00:00 killerser-desktop systemd[1]: systemd-hwdb-update.service - Rebuild Hardware Database was skipped because no trigger condition checks were met.
2025-09-14T16:41:08.433067+00:00 killerser-desktop systemd[1]: Starting systemd-journal-flush.service - Flush Journal to Persistent Storage...
2025-09-14T16:41:08.433069+00:00 killerser-desktop systemd[1]: systemd-pstore.service - Platform Persistent Storage Archival was skipped because of an unmet condition check (ConditionDirectoryNotEmpty=/sys/fs/pstore).
2025-09-14T16:41:08.433071+00:00 killerser-desktop systemd[1]: Starting systemd-random-seed.service - Load/Save OS Random Seed...
2025-09-14T16:41:08.433073+00:00 killerser-desktop systemd[1]: systemd-tpm2-setup.service - TPM2 SRK Setup was skipped because of an unmet condition check (ConditionSecurity=measured-uki).
2025-09-14T16:41:08.433075+00:00 killerser-desktop systemd[1]: Finished systemd-tmpfiles-setup-dev-early.service - Create Static Device Nodes in /dev gracefully.
2025-09-14T16:41:08.433077+00:00 killerser-desktop systemd[1]: Starting systemd-sysusers.service - Create System Users...
2025-09-14T16:41:08.433080+00:00 killerser-desktop systemd[1]: Finished keyboard-setup.service - Set the console keyboard layout.
2025-09-14T16:41:08.433082+00:00 killerser-desktop systemd[1]: Activated swap swap.img.swap - /swap.img.
2025-09-14T16:41:08.433084+00:00 killerser-desktop systemd[1]: Reached target swap.target - Swaps.
2025-09-14T16:41:08.433086+00:00 killerser-desktop systemd-modules-load[327]: Inserted module 'msr'
2025-09-14T16:41:08.433089+00:00 killerser-desktop systemd[1]: Finished systemd-modules-load.service - Load Kernel Modules.
2025-09-14T16:41:08.433091+00:00 killerser-desktop systemd[1]: Starting systemd-sysctl.service - Apply Kernel Variables...
2025-09-14T16:41:08.433094+00:00 killerser-desktop systemd[1]: Finished systemd-udev-trigger.service - Coldplug All udev Devices.
2025-09-14T16:41:08.433096+00:00 killerser-desktop systemd-sysusers[366]: Creating group 'gamemode' with GID 986.
2025-09-14T16:41:08.433098+00:00 killerser-desktop systemd-sysusers[366]: Creating group 'gnome-initial-setup' with GID 985.
2025-09-14T16:41:08.433100+00:00 killerser-desktop systemd[1]: Finished systemd-sysctl.service - Apply Kernel Variables.
2025-09-14T16:41:08.433102+00:00 killerser-desktop systemd[1]: Finished systemd-random-seed.service - Load/Save OS Random Seed.
2025-09-14T16:41:08.433103+00:00 killerser-desktop systemd[1]: Finished systemd-journal-flush.service - Flush Journal to Persistent Storage.
2025-09-14T16:41:08.433105+00:00 killerser-desktop systemd[1]: Finished systemd-sysusers.service - Create System Users.
2025-09-14T16:41:08.433108+00:00 killerser-desktop systemd[1]: Starting systemd-tmpfiles-setup-dev.service - Create Static Device Nodes in /dev...
2025-09-14T16:41:08.433110+00:00 killerser-desktop systemd[1]: Finished systemd-tmpfiles-setup-dev.service - Create Static Device Nodes in /dev.
2025-09-14T16:41:08.433111+00:00 killerser-desktop systemd[1]: Reached target local-fs-pre.target - Preparation for Local File Systems.
2025-09-14T16:41:08.433113+00:00 killerser-desktop systemd[1]: Mounting snap-bare-5.mount - Mount unit for bare, revision 5...
2025-09-14T16:41:08.433115+00:00 killerser-desktop systemd[1]: Mounting snap-core22-2045.mount - Mount unit for core22, revision 2045...
2025-09-14T16:41:08.433118+00:00 killerser-desktop systemd[1]: Mounting snap-firefox-6565.mount - Mount unit for firefox, revision 6565...
2025-09-14T16:41:08.433120+00:00 killerser-desktop systemd[1]: Mounting snap-firmware\x2dupdater-167.mount - Mount unit for firmware-updater, revision 167...
2025-09-14T16:41:08.433121+00:00 killerser-desktop systemd[1]: Mounting snap-gnome\x2d42\x2d2204-202.mount - Mount unit for gnome-42-2204, revision 202...
2025-09-14T16:41:08.433123+00:00 killerser-desktop systemd[1]: Mounting snap-gtk\x2dcommon\x2dthemes-1535.mount - Mount unit for gtk-common-themes, revision 1535...
2025-09-14T16:41:08.433125+00:00 killerser-desktop systemd[1]: Mounting snap-snap\x2dstore-1270.mount - Mount unit for snap-store, revision 1270...
2025-09-14T16:41:08.433128+00:00 killerser-desktop systemd[1]: Mounting snap-snapd-24792.mount - Mount unit for snapd, revision 24792...
2025-09-14T16:41:08.433130+00:00 killerser-desktop systemd[1]: Mounting snap-snapd\x2ddesktop\x2dintegration-315.mount - Mount unit for snapd-desktop-integration, revision 315...
2025-09-14T16:41:08.433132+00:00 killerser-desktop systemd[1]: Starting systemd-udevd.service - Rule-based Manager for Device Events and Files...
2025-09-14T16:41:08.433134+00:00 killerser-desktop systemd[1]: Mounted snap-bare-5.mount - Mount unit for bare, revision 5.
2025-09-14T16:41:08.433136+00:00 killerser-desktop systemd[1]: Mounted snap-core22-2045.mount - Mount unit for core22, revision 2045.
2025-09-14T16:41:08.433138+00:00 killerser-desktop systemd[1]: Mounted snap-firefox-6565.mount - Mount unit for firefox, revision 6565.
2025-09-14T16:41:08.433141+00:00 killerser-desktop systemd[1]: Mounted snap-firmware\x2dupdater-167.mount - Mount unit for firmware-updater, revision 167.
2025-09-14T16:41:08.433142+00:00 killerser-desktop systemd[1]: Mounted snap-gnome\x2d42\x2d2204-202.mount - Mount unit for gnome-42-2204, revision 202.
2025-09-14T16:41:08.433144+00:00 killerser-desktop systemd[1]: Mounted snap-gtk\x2dcommon\x2dthemes-1535.mount - Mount unit for gtk-common-themes, revision 1535.
2025-09-14T16:41:08.433147+00:00 killerser-desktop systemd[1]: Mounted snap-snap\x2dstore-1270.mount - Mount unit for snap-store, revision 1270.
2025-09-14T16:41:08.433149+00:00 killerser-desktop systemd[1]: Mounted snap-snapd-24792.mount - Mount unit for snapd, revision 24792.
2025-09-14T16:41:08.433154+00:00 killerser-desktop systemd[1]: Mounted snap-snapd\x2ddesktop\x2dintegration-315.mount - Mount unit for snapd-desktop-integration, revision 315.
2025-09-14T16:41:08.433156+00:00 killerser-desktop systemd[1]: Reached target snapd.mounts.target - Mounted snaps.
2025-09-14T16:41:08.433159+00:00 killerser-desktop systemd-udevd[394]: Using default interface naming scheme 'v255'.
2025-09-14T16:41:08.433161+00:00 killerser-desktop systemd[1]: Started systemd-udevd.service - Rule-based Manager for Device Events and Files.
2025-09-14T16:41:08.433164+00:00 killerser-desktop systemd[1]: Starting plymouth-start.service - Show Plymouth Boot Screen...
2025-09-14T16:41:08.433166+00:00 killerser-desktop systemd[1]: Started plymouth-start.service - Show Plymouth Boot Screen.
2025-09-14T16:41:08.432932+00:00 killerser-desktop kernel: Linux version 6.14.0-29-generic (buildd@lcy02-amd64-105) (x86_64-linux-gnu-gcc-13 (Ubuntu 13.3.0-6ubuntu2~24.04) 13.3.0, GNU ld (GNU Binutils for Ubuntu) 2.42) #29~24.04.1-Ubuntu SMP PREEMPT_DYNAMIC Thu Aug 14 16:52:50 UTC 2 (Ubuntu 6.14.0-29.29~24.04.1-generic 6.14.8)
2025-09-14T16:41:08.433267+00:00 killerser-desktop kernel: Command line: BOOT_IMAGE=/boot/vmlinuz-6.14.0-29-generic root=UUID=38e327d4-722b-4933-8059-27674211dd2c ro quiet splash vt.handoff=7
2025-09-14T16:41:08.433268+00:00 killerser-desktop kernel: KERNEL supported cpus:
2025-09-14T16:41:08.433268+00:00 killerser-desktop kernel:   Intel GenuineIntel
2025-09-14T16:41:08.433269+00:00 killerser-desktop kernel:   AMD AuthenticAMD
2025-09-14T16:41:08.433269+00:00 killerser-desktop kernel:   Hygon HygonGenuine
2025-09-14T16:41:08.433269+00:00 killerser-desktop kernel:   Centaur CentaurHauls
2025-09-14T16:41:08.433270+00:00 killerser-desktop kernel:   zhaoxin   Shanghai  
2025-09-14T16:41:08.433271+00:00 killerser-desktop kernel: BIOS-provided physical RAM map:
2025-09-14T16:41:08.433271+00:00 killerser-desktop kernel: BIOS-e820: [mem 0x0000000000000000-0x000000000009ffff] usable
2025-09-14T16:41:08.433271+00:00 killerser-desktop kernel: BIOS-e820: [mem 0x00000000000c0000-0x00000000000fffff] reserved
2025-09-14T16:41:08.433272+00:00 killerser-desktop kernel: BIOS-e820: [mem 0x0000000000100000-0x00000000f7f40fff] usable
2025-09-14T16:41:08.433272+00:00 killerser-desktop kernel: BIOS-e820: [mem 0x00000000f7f41000-0x00000000f7fc8fff] reserved
2025-09-14T16:41:08.433273+00:00 killerser-desktop kernel: BIOS-e820: [mem 0x00000000f7fc9000-0x00000000f7ffafff] ACPI data
2025-09-14T16:41:08.433273+00:00 killerser-desktop kernel: BIOS-e820: [mem 0x00000000f7ffb000-0x00000000f7ffefff] ACPI NVS
2025-09-14T16:41:08.433274+00:00 killerser-desktop kernel: BIOS-e820: [mem 0x00000000f7fff000-0x00000000f7ffffff] usable
2025-09-14T16:41:08.433274+00:00 killerser-desktop kernel: BIOS-e820: [mem 0x0000000100000000-0x0000000107ffffff] usable
2025-09-14T16:41:08.433274+00:00 killerser-desktop kernel: NX (Execute Disable) protection: active
2025-09-14T16:41:08.433274+00:00 killerser-desktop kernel: APIC: Static calls initialized
2025-09-14T16:41:08.433275+00:00 killerser-desktop kernel: efi: EFI v2.7 by Microsoft
2025-09-14T16:41:08.433276+00:00 killerser-desktop kernel: efi: ACPI=0xf7ffa000 ACPI 2.0=0xf7ffa014 SMBIOS=0xf7f85000 SMBIOS 3.0=0xf7f83000 MEMATTR=0xf75ee398 MOKvar=0xf7f81000 INITRD=0xf6a6d218 RNG=0xf7fd2018 
2025-09-14T16:41:08.433276+00:00 killerser-desktop kernel: random: crng init done
2025-09-14T16:41:08.433276+00:00 killerser-desktop kernel: SMBIOS 3.1.0 present.
2025-09-14T16:41:08.433277+00:00 killerser-desktop kernel: DMI: Microsoft Corporation Virtual Machine/Virtual Machine, BIOS Hyper-V UEFI Release v4.1 06/20/2024
2025-09-14T16:41:08.433277+00:00 killerser-desktop kernel: DMI: Memory slots populated: 2/2
2025-09-14T16:41:08.433277+00:00 killerser-desktop kernel: secureboot: Secure boot enabled
2025-09-14T16:41:08.433278+00:00 killerser-desktop kernel: Kernel is locked down from EFI Secure Boot mode; see man kernel_lockdown.7
2025-09-14T16:41:08.433279+00:00 killerser-desktop kernel: Hypervisor detected: Microsoft Hyper-V
2025-09-14T16:41:08.433279+00:00 killerser-desktop kernel: Hyper-V: privilege flags low 0x2e7f, high 0x3b8030, hints 0x20e24, misc 0xbed7b2
2025-09-14T16:41:08.433279+00:00 killerser-desktop kernel: Hyper-V: LAPIC Timer Frequency: 0x30d40
2025-09-14T16:41:08.433279+00:00 killerser-desktop kernel: Hyper-V: Using hypercall for remote TLB flush
2025-09-14T16:41:08.433280+00:00 killerser-desktop kernel: clocksource: hyperv_clocksource_tsc_page: mask: 0xffffffffffffffff max_cycles: 0x24e6a1710, max_idle_ns: 440795202120 ns
2025-09-14T16:41:08.433281+00:00 killerser-desktop kernel: clocksource: hyperv_clocksource_msr: mask: 0xffffffffffffffff max_cycles: 0x24e6a1710, max_idle_ns: 440795202120 ns
2025-09-14T16:41:08.433281+00:00 killerser-desktop kernel: tsc: Marking TSC unstable due to running on Hyper-V
2025-09-14T16:41:08.433281+00:00 killerser-desktop kernel: tsc: Detected 2304.000 MHz processor
2025-09-14T16:41:08.433282+00:00 killerser-desktop kernel: e820: update [mem 0x00000000-0x00000fff] usable ==> reserved
2025-09-14T16:41:08.433282+00:00 killerser-desktop kernel: e820: remove [mem 0x000a0000-0x000fffff] usable
2025-09-14T16:41:08.433282+00:00 killerser-desktop kernel: last_pfn = 0x108000 max_arch_pfn = 0x400000000
2025-09-14T16:41:08.433283+00:00 killerser-desktop kernel: MTRR map: 3 entries (2 fixed + 1 variable; max 18), built from 8 variable MTRRs
2025-09-14T16:41:08.433283+00:00 killerser-desktop kernel: x86/PAT: Configuration [0-7]: WB  WC  UC- UC  WB  WP  UC- WT  
2025-09-14T16:41:08.433284+00:00 killerser-desktop kernel: last_pfn = 0xf8000 max_arch_pfn = 0x400000000
2025-09-14T16:41:08.433284+00:00 killerser-desktop kernel: Using GB pages for direct mapping
2025-09-14T16:41:08.433284+00:00 killerser-desktop kernel: secureboot: Secure boot enabled
2025-09-14T16:41:08.433284+00:00 killerser-desktop kernel: RAMDISK: [mem 0xed613000-0xf1b7ffff]
2025-09-14T16:41:08.433284+00:00 killerser-desktop kernel: ACPI: Early table checksum verification disabled
2025-09-14T16:41:08.433286+00:00 killerser-desktop kernel: ACPI: RSDP 0x00000000F7FFA014 000024 (v02 VRTUAL)
2025-09-14T16:41:08.433286+00:00 killerser-desktop kernel: ACPI: XSDT 0x00000000F7FF90E8 00005C (v01 VRTUAL MICROSFT 00000001 MSFT 00000001)
2025-09-14T16:41:08.433286+00:00 killerser-desktop kernel: ACPI: FACP 0x00000000F7FF8000 000114 (v06 VRTUAL MICROSFT 00000001 MSFT 00000001)
2025-09-14T16:41:08.433286+00:00 killerser-desktop kernel: ACPI: DSDT 0x00000000F7FD7000 01E184 (v02 MSFTVM DSDT01   00000001 MSFT 05000000)
2025-09-14T16:41:08.433287+00:00 killerser-desktop kernel: ACPI: FACS 0x00000000F7FFE000 000040
2025-09-14T16:41:08.433287+00:00 killerser-desktop kernel: ACPI: OEM0 0x00000000F7FF7000 000064 (v01 VRTUAL MICROSFT 00000001 MSFT 00000001)
2025-09-14T16:41:08.433290+00:00 killerser-desktop kernel: ACPI: WAET 0x00000000F7FF6000 000028 (v01 VRTUAL MICROSFT 00000001 MSFT 00000001)
2025-09-14T16:41:08.433290+00:00 killerser-desktop kernel: ACPI: APIC 0x00000000F7FD6000 000088 (v04 VRTUAL MICROSFT 00000001 MSFT 00000001)
2025-09-14T16:41:08.433291+00:00 killerser-desktop kernel: ACPI: SRAT 0x00000000F7FD5000 0001F0 (v02 VRTUAL MICROSFT 00000001 MSFT 00000001)
2025-09-14T16:41:08.433291+00:00 killerser-desktop kernel: ACPI: BGRT 0x00000000F7FD4000 000038 (v01 VRTUAL MICROSFT 00000001 MSFT 00000001)
2025-09-14T16:41:08.433291+00:00 killerser-desktop kernel: ACPI: FPDT 0x00000000F7FD3000 000034 (v01 VRTUAL MICROSFT 00000001 MSFT 00000001)
2025-09-14T16:41:08.433291+00:00 killerser-desktop kernel: ACPI: Reserving FACP table memory at [mem 0xf7ff8000-0xf7ff8113]
2025-09-14T16:41:08.433293+00:00 killerser-desktop kernel: ACPI: Reserving DSDT table memory at [mem 0xf7fd7000-0xf7ff5183]
2025-09-14T16:41:08.433293+00:00 killerser-desktop kernel: ACPI: Reserving FACS table memory at [mem 0xf7ffe000-0xf7ffe03f]
2025-09-14T16:41:08.433293+00:00 killerser-desktop kernel: ACPI: Reserving OEM0 table memory at [mem 0xf7ff7000-0xf7ff7063]
2025-09-14T16:41:08.433293+00:00 killerser-desktop kernel: ACPI: Reserving WAET table memory at [mem 0xf7ff6000-0xf7ff6027]
2025-09-14T16:41:08.433294+00:00 killerser-desktop kernel: ACPI: Reserving APIC table memory at [mem 0xf7fd6000-0xf7fd6087]
2025-09-14T16:41:08.433294+00:00 killerser-desktop kernel: ACPI: Reserving SRAT table memory at [mem 0xf7fd5000-0xf7fd51ef]
2025-09-14T16:41:08.433294+00:00 killerser-desktop kernel: ACPI: Reserving BGRT table memory at [mem 0xf7fd4000-0xf7fd4037]
2025-09-14T16:41:08.433295+00:00 killerser-desktop kernel: ACPI: Reserving FPDT table memory at [mem 0xf7fd3000-0xf7fd3033]
2025-09-14T16:41:08.433296+00:00 killerser-desktop kernel: ACPI: SRAT: Node 0 PXM 0 [mem 0x00000000-0xf7ffffff] hotplug
2025-09-14T16:41:08.433296+00:00 killerser-desktop kernel: ACPI: SRAT: Node 0 PXM 0 [mem 0x100000000-0x107ffffff] hotplug
2025-09-14T16:41:08.433296+00:00 killerser-desktop kernel: ACPI: SRAT: Node 0 PXM 0 [mem 0x108000000-0xfdfffffff] hotplug
2025-09-14T16:41:08.433297+00:00 killerser-desktop kernel: ACPI: SRAT: Node 0 PXM 0 [mem 0x1000000000-0xffffffffff] hotplug
2025-09-14T16:41:08.433297+00:00 killerser-desktop kernel: ACPI: SRAT: Node 0 PXM 0 [mem 0x10000000000-0x1ffffffffff] hotplug
2025-09-14T16:41:08.433298+00:00 killerser-desktop kernel: ACPI: SRAT: Node 0 PXM 0 [mem 0x20000000000-0x3ffffffffff] hotplug
2025-09-14T16:41:08.433298+00:00 killerser-desktop kernel: ACPI: SRAT: Node 0 PXM 0 [mem 0x40000000000-0x7ffffffffff] hotplug
2025-09-14T16:41:08.433299+00:00 killerser-desktop kernel: ACPI: SRAT: Node 0 PXM 0 [mem 0x80000000000-0xfffffffffff] hotplug
2025-09-14T16:41:08.433299+00:00 killerser-desktop kernel: NUMA: Node 0 [mem 0x00001000-0xf7ffffff] + [mem 0x100000000-0x107ffffff] -> [mem 0x00001000-0x107ffffff]
2025-09-14T16:41:08.433299+00:00 killerser-desktop kernel: NODE_DATA(0) allocated [mem 0x107fd5540-0x107ffffff]
2025-09-14T16:41:08.433299+00:00 killerser-desktop kernel: Zone ranges:
2025-09-14T16:41:08.433300+00:00 killerser-desktop kernel:   DMA      [mem 0x0000000000001000-0x0000000000ffffff]
2025-09-14T16:41:08.433301+00:00 killerser-desktop kernel:   DMA32    [mem 0x0000000001000000-0x00000000ffffffff]
2025-09-14T16:41:08.433301+00:00 killerser-desktop kernel:   Normal   [mem 0x0000000100000000-0x0000000107ffffff]
2025-09-14T16:41:08.433301+00:00 killerser-desktop kernel:   Device   empty
2025-09-14T16:41:08.433302+00:00 killerser-desktop kernel: Movable zone start for each node
2025-09-14T16:41:08.433302+00:00 killerser-desktop kernel: Early memory node ranges
2025-09-14T16:41:08.433302+00:00 killerser-desktop kernel:   node   0: [mem 0x0000000000001000-0x000000000009ffff]
2025-09-14T16:41:08.433303+00:00 killerser-desktop kernel:   node   0: [mem 0x0000000000100000-0x00000000f7f40fff]
2025-09-14T16:41:08.433303+00:00 killerser-desktop kernel:   node   0: [mem 0x00000000f7fff000-0x00000000f7ffffff]
2025-09-14T16:41:08.433304+00:00 killerser-desktop kernel:   node   0: [mem 0x0000000100000000-0x0000000107ffffff]
2025-09-14T16:41:08.433304+00:00 killerser-desktop kernel: Initmem setup node 0 [mem 0x0000000000001000-0x0000000107ffffff]
2025-09-14T16:41:08.433304+00:00 killerser-desktop kernel: On node 0, zone DMA: 1 pages in unavailable ranges
2025-09-14T16:41:08.433304+00:00 killerser-desktop kernel: On node 0, zone DMA: 96 pages in unavailable ranges
2025-09-14T16:41:08.433305+00:00 killerser-desktop kernel: On node 0, zone DMA32: 190 pages in unavailable ranges
2025-09-14T16:41:08.433306+00:00 killerser-desktop kernel: ACPI: PM-Timer IO Port: 0x408
2025-09-14T16:41:08.433307+00:00 killerser-desktop kernel: ACPI: LAPIC_NMI (acpi_id[0x01] dfl dfl lint[0x1])
2025-09-14T16:41:08.433307+00:00 killerser-desktop kernel: IOAPIC[0]: apic_id 8, version 17, address 0xfec00000, GSI 0-23
2025-09-14T16:41:08.433307+00:00 killerser-desktop kernel: ACPI: INT_SRC_OVR (bus 0 bus_irq 9 global_irq 9 high level)
2025-09-14T16:41:08.433307+00:00 killerser-desktop kernel: ACPI: Using ACPI (MADT) for SMP configuration information
2025-09-14T16:41:08.433308+00:00 killerser-desktop kernel: e820: update [mem 0xf6a82000-0xf6a88fff] usable ==> reserved
2025-09-14T16:41:08.433303+00:00 killerser-desktop systemd[1]: systemd-ask-password-console.path - Dispatch Password Requests to Console Directory Watch was skipped because of an unmet condition check (ConditionPathExists=!/run/plymouth/pid).
2025-09-14T16:41:08.433309+00:00 killerser-desktop kernel: CPU topo: Max. logical packages:   1
2025-09-14T16:41:08.433309+00:00 killerser-desktop kernel: CPU topo: Max. logical dies:       1
2025-09-14T16:41:08.433310+00:00 killerser-desktop kernel: CPU topo: Max. dies per package:   1
2025-09-14T16:41:08.433310+00:00 killerser-desktop kernel: CPU topo: Max. threads per core:   2
2025-09-14T16:41:08.433310+00:00 killerser-desktop kernel: CPU topo: Num. cores per package:     4
2025-09-14T16:41:08.433310+00:00 killerser-desktop kernel: CPU topo: Num. threads per package:   8
2025-09-14T16:41:08.433311+00:00 killerser-desktop systemd[1]: Started systemd-ask-password-plymouth.path - Forward Password Requests to Plymouth Directory Watch.
2025-09-14T16:41:08.433311+00:00 killerser-desktop kernel: CPU topo: Allowing 8 present CPUs plus 0 hotplug CPUs
2025-09-14T16:41:08.433313+00:00 killerser-desktop kernel: PM: hibernation: Registered nosave memory: [mem 0x00000000-0x00000fff]
2025-09-14T16:41:08.433313+00:00 killerser-desktop kernel: PM: hibernation: Registered nosave memory: [mem 0x000a0000-0x000fffff]
2025-09-14T16:41:08.433313+00:00 killerser-desktop systemd[1]: Reached target cryptsetup.target - Local Encrypted Volumes.
2025-09-14T16:41:08.433316+00:00 killerser-desktop systemd[1]: Listening on systemd-rfkill.socket - Load/Save RF Kill Switch Status /dev/rfkill Watch.
2025-09-14T16:41:08.433317+00:00 killerser-desktop systemd[1]: Found device dev-disk-by\x2duuid-C847\x2d7705.device - Virtual_Disk 1.
2025-09-14T16:41:08.433319+00:00 killerser-desktop systemd[1]: Starting systemd-fsck@dev-disk-by\x2duuid-C847\x2d7705.service - File System Check on /dev/disk/by-uuid/C847-7705...
2025-09-14T16:41:08.433323+00:00 killerser-desktop systemd[1]: Started systemd-fsckd.service - File System Check Daemon to report status.
2025-09-14T16:41:08.433325+00:00 killerser-desktop systemd-fsck[537]: fsck.fat 4.2 (2021-01-31)
2025-09-14T16:41:08.433328+00:00 killerser-desktop systemd-fsck[537]: /dev/sda1: 11 files, 1572/274657 clusters
2025-09-14T16:41:08.433332+00:00 killerser-desktop systemd[1]: Finished systemd-fsck@dev-disk-by\x2duuid-C847\x2d7705.service - File System Check on /dev/disk/by-uuid/C847-7705.
2025-09-14T16:41:08.433333+00:00 killerser-desktop cloud-init[572]: Cloud-init v. 25.1.4-0ubuntu0~24.04.1 running 'init-local' at Sun, 14 Sep 2025 16:41:05 +0000. Up 1.50 seconds.
2025-09-14T16:41:08.433338+00:00 killerser-desktop systemd[1]: netplan-ovs-cleanup.service - OpenVSwitch configuration for cleanup was skipped because of an unmet condition check (ConditionFileIsExecutable=/usr/bin/ovs-vsctl).
2025-09-14T16:41:08.433340+00:00 killerser-desktop kernel: PM: hibernation: Registered nosave memory: [mem 0xf6a82000-0xf6a88fff]
2025-09-14T16:41:08.433340+00:00 killerser-desktop systemd[1]: Reloading requested from client PID 579 ('systemctl') (unit cloud-init-local.service)...
2025-09-14T16:41:08.433341+00:00 killerser-desktop kernel: PM: hibernation: Registered nosave memory: [mem 0xf7f41000-0xf7ffefff]
2025-09-14T16:41:08.433342+00:00 killerser-desktop kernel: PM: hibernation: Registered nosave memory: [mem 0xf8000000-0xffffffff]
2025-09-14T16:41:08.433343+00:00 killerser-desktop kernel: [mem 0xf8000000-0xffffffff] available for PCI devices
2025-09-14T16:41:08.433343+00:00 killerser-desktop kernel: Booting paravirtualized kernel on Hyper-V
2025-09-14T16:41:08.433342+00:00 killerser-desktop systemd[1]: Reloading...
2025-09-14T16:41:08.433344+00:00 killerser-desktop kernel: clocksource: refined-jiffies: mask: 0xffffffff max_cycles: 0xffffffff, max_idle_ns: 1910969940391419 ns
2025-09-14T16:41:08.433345+00:00 killerser-desktop kernel: setup_percpu: NR_CPUS:8192 nr_cpumask_bits:8 nr_cpu_ids:8 nr_node_ids:1
2025-09-14T16:41:08.433345+00:00 killerser-desktop kernel: percpu: Embedded 88 pages/cpu s237568 r8192 d114688 u524288
2025-09-14T16:41:08.433345+00:00 killerser-desktop kernel: pcpu-alloc: s237568 r8192 d114688 u524288 alloc=1*2097152
2025-09-14T16:41:08.433345+00:00 killerser-desktop kernel: pcpu-alloc: [0] 0 1 2 3 [0] 4 5 6 7 
2025-09-14T16:41:08.433345+00:00 killerser-desktop systemd[1]: Reloading finished in 154 ms.
2025-09-14T16:41:08.433346+00:00 killerser-desktop kernel: Hyper-V: PV spinlocks enabled
2025-09-14T16:41:08.433347+00:00 killerser-desktop kernel: PV qspinlock hash table entries: 256 (order: 0, 4096 bytes, linear)
2025-09-14T16:41:08.433347+00:00 killerser-desktop kernel: Kernel command line: BOOT_IMAGE=/boot/vmlinuz-6.14.0-29-generic root=UUID=38e327d4-722b-4933-8059-27674211dd2c ro quiet splash vt.handoff=7
2025-09-14T16:41:08.433348+00:00 killerser-desktop kernel: Unknown kernel command line parameters "splash BOOT_IMAGE=/boot/vmlinuz-6.14.0-29-generic", will be passed to user space.
2025-09-14T16:41:08.433348+00:00 killerser-desktop kernel: printk: log buffer data + meta data: 262144 + 917504 = 1179648 bytes
2025-09-14T16:41:08.433347+00:00 killerser-desktop systemd[1]: Finished cloud-init-local.service - Cloud-init: Local Stage (pre-network).
2025-09-14T16:41:08.433349+00:00 killerser-desktop kernel: Dentry cache hash table entries: 524288 (order: 10, 4194304 bytes, linear)
2025-09-14T16:41:08.433349+00:00 killerser-desktop kernel: Inode-cache hash table entries: 262144 (order: 9, 2097152 bytes, linear)
2025-09-14T16:41:08.433350+00:00 killerser-desktop kernel: Fallback order for Node 0: 0 
2025-09-14T16:41:08.433350+00:00 killerser-desktop kernel: Built 1 zonelists, mobility grouping on.  Total pages: 1048289
2025-09-14T16:41:08.433351+00:00 killerser-desktop kernel: Policy zone: Normal
2025-09-14T16:41:08.433351+00:00 killerser-desktop kernel: mem auto-init: stack:all(zero), heap alloc:on, heap free:off
2025-09-14T16:41:08.433351+00:00 killerser-desktop kernel: software IO TLB: area num 8.
2025-09-14T16:41:08.433349+00:00 killerser-desktop systemd[1]: Mounting boot-efi.mount - /boot/efi...
2025-09-14T16:41:08.433352+00:00 killerser-desktop kernel: SLUB: HWalign=64, Order=0-3, MinObjects=0, CPUs=8, Nodes=1
2025-09-14T16:41:08.433353+00:00 killerser-desktop kernel: ftrace: allocating 60358 entries in 236 pages
2025-09-14T16:41:08.433353+00:00 killerser-desktop kernel: ftrace: allocated 236 pages with 5 groups
2025-09-14T16:41:08.433353+00:00 killerser-desktop kernel: Dynamic Preempt: voluntary
2025-09-14T16:41:08.433354+00:00 killerser-desktop kernel: rcu: Preemptible hierarchical RCU implementation.
2025-09-14T16:41:08.433353+00:00 killerser-desktop systemd[1]: Mounted boot-efi.mount - /boot/efi.
2025-09-14T16:41:08.433354+00:00 killerser-desktop kernel: rcu: 	RCU restricting CPUs from NR_CPUS=8192 to nr_cpu_ids=8.
2025-09-14T16:41:08.433356+00:00 killerser-desktop kernel: 	Trampoline variant of Tasks RCU enabled.
2025-09-14T16:41:08.433356+00:00 killerser-desktop kernel: 	Rude variant of Tasks RCU enabled.
2025-09-14T16:41:08.433356+00:00 killerser-desktop kernel: 	Tracing variant of Tasks RCU enabled.
2025-09-14T16:41:08.433355+00:00 killerser-desktop systemd[1]: Reached target local-fs.target - Local File Systems.
2025-09-14T16:41:08.433357+00:00 killerser-desktop kernel: rcu: RCU calculated value of scheduler-enlistment delay is 100 jiffies.
2025-09-14T16:41:08.433357+00:00 killerser-desktop kernel: rcu: Adjusting geometry for rcu_fanout_leaf=16, nr_cpu_ids=8
2025-09-14T16:41:08.433357+00:00 killerser-desktop kernel: RCU Tasks: Setting shift to 3 and lim to 1 rcu_task_cb_adjust=1 rcu_task_cpu_ids=8.
2025-09-14T16:41:08.433358+00:00 killerser-desktop kernel: RCU Tasks Rude: Setting shift to 3 and lim to 1 rcu_task_cb_adjust=1 rcu_task_cpu_ids=8.
2025-09-14T16:41:08.433358+00:00 killerser-desktop systemd[1]: Listening on systemd-sysext.socket - System Extension Image Management (Varlink).
2025-09-14T16:41:08.433359+00:00 killerser-desktop kernel: RCU Tasks Trace: Setting shift to 3 and lim to 1 rcu_task_cb_adjust=1 rcu_task_cpu_ids=8.
2025-09-14T16:41:08.433359+00:00 killerser-desktop kernel: Using NULL legacy PIC
2025-09-14T16:41:08.433360+00:00 killerser-desktop kernel: NR_IRQS: 524544, nr_irqs: 488, preallocated irqs: 0
2025-09-14T16:41:08.433360+00:00 killerser-desktop kernel: rcu: srcu_init: Setting srcu_struct sizes based on contention.
2025-09-14T16:41:08.433360+00:00 killerser-desktop kernel: Console: colour dummy device 80x25
2025-09-14T16:41:08.433360+00:00 killerser-desktop kernel: printk: legacy console [tty0] enabled
2025-09-14T16:41:08.433360+00:00 killerser-desktop systemd[1]: Starting apparmor.service - Load AppArmor profiles...
2025-09-14T16:41:08.433361+00:00 killerser-desktop kernel: ACPI: Core revision 20240827
2025-09-14T16:41:08.433362+00:00 killerser-desktop kernel: Failed to register legacy timer interrupt
2025-09-14T16:41:08.433362+00:00 killerser-desktop kernel: APIC: Switch to symmetric I/O mode setup
2025-09-14T16:41:08.433362+00:00 killerser-desktop kernel: Hyper-V: Host Build 10.0.19041.6328-6-0
2025-09-14T16:41:08.433363+00:00 killerser-desktop kernel: Hyper-V: enabling crash_kexec_post_notifiers
2025-09-14T16:41:08.433362+00:00 killerser-desktop systemd[1]: Starting console-setup.service - Set console font and keymap...
2025-09-14T16:41:08.433363+00:00 killerser-desktop kernel: Hyper-V: Using IPI hypercalls
2025-09-14T16:41:08.433365+00:00 killerser-desktop kernel: APIC: send_IPI() replaced with hv_send_ipi()
2025-09-14T16:41:08.433365+00:00 killerser-desktop kernel: APIC: send_IPI_mask() replaced with hv_send_ipi_mask()
2025-09-14T16:41:08.433365+00:00 killerser-desktop kernel: APIC: send_IPI_mask_allbutself() replaced with hv_send_ipi_mask_allbutself()
2025-09-14T16:41:08.433366+00:00 killerser-desktop kernel: APIC: send_IPI_allbutself() replaced with hv_send_ipi_allbutself()
2025-09-14T16:41:08.433366+00:00 killerser-desktop kernel: APIC: send_IPI_all() replaced with hv_send_ipi_all()
2025-09-14T16:41:08.433366+00:00 killerser-desktop kernel: APIC: send_IPI_self() replaced with hv_send_ipi_self()
2025-09-14T16:41:08.433364+00:00 killerser-desktop systemd[1]: Starting ldconfig.service - Rebuild Dynamic Linker Cache...
2025-09-14T16:41:08.433366+00:00 killerser-desktop kernel: Calibrating delay loop (skipped), value calculated using timer frequency.. 4608.00 BogoMIPS (lpj=2304000)
2025-09-14T16:41:08.433368+00:00 killerser-desktop kernel: Last level iTLB entries: 4KB 0, 2MB 0, 4MB 0
2025-09-14T16:41:08.433368+00:00 killerser-desktop kernel: Last level dTLB entries: 4KB 0, 2MB 0, 4MB 0, 1GB 0
2025-09-14T16:41:08.433369+00:00 killerser-desktop kernel: Spectre V1 : Mitigation: usercopy/swapgs barriers and __user pointer sanitization
2025-09-14T16:41:08.433368+00:00 killerser-desktop systemd[1]: Starting plymouth-read-write.service - Tell Plymouth To Write Out Runtime Data...
2025-09-14T16:41:08.433369+00:00 killerser-desktop kernel: Spectre V2 : Spectre BHI mitigation: SW BHB clearing on syscall and VM exit
2025-09-14T16:41:08.433370+00:00 killerser-desktop kernel: Spectre V2 : Mitigation: Enhanced / Automatic IBRS
2025-09-14T16:41:08.433370+00:00 killerser-desktop kernel: Spectre V2 : Spectre v2 / PBRSB-eIBRS: Retire a single CALL on VMEXIT
2025-09-14T16:41:08.433371+00:00 killerser-desktop systemd[1]: Starting systemd-binfmt.service - Set Up Additional Binary Formats...
2025-09-14T16:41:08.433371+00:00 killerser-desktop kernel: RETBleed: Mitigation: Enhanced IBRS
2025-09-14T16:41:08.433373+00:00 killerser-desktop kernel: Spectre V2 : mitigation: Enabling conditional Indirect Branch Prediction Barrier
2025-09-14T16:41:08.433373+00:00 killerser-desktop kernel: Speculative Store Bypass: Mitigation: Speculative Store Bypass disabled via prctl
2025-09-14T16:41:08.433373+00:00 killerser-desktop kernel: GDS: Unknown: Dependent on hypervisor status
2025-09-14T16:41:08.433374+00:00 killerser-desktop kernel: ITS: Mitigation: Aligned branch/return thunks
2025-09-14T16:41:08.433374+00:00 killerser-desktop kernel: x86/fpu: Supporting XSAVE feature 0x001: 'x87 floating point registers'
2025-09-14T16:41:08.433373+00:00 killerser-desktop systemd[1]: Starting systemd-tmpfiles-setup.service - Create Volatile Files and Directories...
2025-09-14T16:41:08.433375+00:00 killerser-desktop kernel: x86/fpu: Supporting XSAVE feature 0x002: 'SSE registers'
2025-09-14T16:41:08.433375+00:00 killerser-desktop kernel: x86/fpu: Supporting XSAVE feature 0x004: 'AVX registers'
2025-09-14T16:41:08.433376+00:00 killerser-desktop kernel: x86/fpu: Supporting XSAVE feature 0x020: 'AVX-512 opmask'
2025-09-14T16:41:08.433376+00:00 killerser-desktop kernel: x86/fpu: Supporting XSAVE feature 0x040: 'AVX-512 Hi256'
2025-09-14T16:41:08.433375+00:00 killerser-desktop systemd[1]: Starting ufw.service - Uncomplicated firewall...
2025-09-14T16:41:08.433376+00:00 killerser-desktop kernel: x86/fpu: Supporting XSAVE feature 0x080: 'AVX-512 ZMM_Hi256'
2025-09-14T16:41:08.433378+00:00 killerser-desktop kernel: x86/fpu: xstate_offset[2]:  576, xstate_sizes[2]:  256
2025-09-14T16:41:08.433378+00:00 killerser-desktop kernel: x86/fpu: xstate_offset[5]:  832, xstate_sizes[5]:   64
2025-09-14T16:41:08.433379+00:00 killerser-desktop kernel: x86/fpu: xstate_offset[6]:  896, xstate_sizes[6]:  512
2025-09-14T16:41:08.433379+00:00 killerser-desktop kernel: x86/fpu: xstate_offset[7]: 1408, xstate_sizes[7]: 1024
2025-09-14T16:41:08.433380+00:00 killerser-desktop kernel: x86/fpu: Enabled xstate features 0xe7, context size is 2432 bytes, using 'compacted' format.
2025-09-14T16:41:08.433379+00:00 killerser-desktop apparmor.systemd[622]: Restarting AppArmor
2025-09-14T16:41:08.433380+00:00 killerser-desktop kernel: Freeing SMP alternatives memory: 48K
2025-09-14T16:41:08.433381+00:00 killerser-desktop kernel: pid_max: default: 32768 minimum: 301
2025-09-14T16:41:08.433381+00:00 killerser-desktop kernel: LSM: initializing lsm=lockdown,capability,landlock,yama,apparmor,ima,evm
2025-09-14T16:41:08.433382+00:00 killerser-desktop kernel: landlock: Up and running.
2025-09-14T16:41:08.433383+00:00 killerser-desktop kernel: Yama: becoming mindful.
2025-09-14T16:41:08.433383+00:00 killerser-desktop kernel: AppArmor: AppArmor initialized
2025-09-14T16:41:08.433383+00:00 killerser-desktop kernel: Mount-cache hash table entries: 8192 (order: 4, 65536 bytes, linear)
2025-09-14T16:41:08.433383+00:00 killerser-desktop kernel: Mountpoint-cache hash table entries: 8192 (order: 4, 65536 bytes, linear)
2025-09-14T16:41:08.433384+00:00 killerser-desktop kernel: smpboot: CPU0: 11th Gen Intel(R) Core(TM) i7-11800H @ 2.30GHz (family: 0x6, model: 0x8d, stepping: 0x1)
2025-09-14T16:41:08.433382+00:00 killerser-desktop systemd[1]: Finished console-setup.service - Set console font and keymap.
2025-09-14T16:41:08.433388+00:00 killerser-desktop kernel: Performance Events: unsupported p6 CPU model 141 no PMU driver, software events only.
2025-09-14T16:41:08.433389+00:00 killerser-desktop kernel: signal: max sigframe size: 3632
2025-09-14T16:41:08.433389+00:00 killerser-desktop kernel: rcu: Hierarchical SRCU implementation.
2025-09-14T16:41:08.433388+00:00 killerser-desktop apparmor.systemd[622]: Reloading AppArmor profiles
2025-09-14T16:41:08.433390+00:00 killerser-desktop kernel: rcu: 	Max phase no-delay instances is 400.
2025-09-14T16:41:08.433391+00:00 killerser-desktop kernel: Timer migration: 1 hierarchy levels; 8 children per group; 1 crossnode level
2025-09-14T16:41:08.433391+00:00 killerser-desktop kernel: NMI watchdog: Perf NMI watchdog permanently disabled
2025-09-14T16:41:08.433391+00:00 killerser-desktop kernel: smp: Bringing up secondary CPUs ...
2025-09-14T16:41:08.433392+00:00 killerser-desktop systemd[1]: Finished ufw.service - Uncomplicated firewall.
2025-09-14T16:41:08.433393+00:00 killerser-desktop kernel: smpboot: x86: Booting SMP configuration:
2025-09-14T16:41:08.433393+00:00 killerser-desktop kernel: .... node  #0, CPUs:      #2 #4 #6 #1 #3 #5 #7
2025-09-14T16:41:08.433393+00:00 killerser-desktop kernel: smp: Brought up 1 node, 8 CPUs
2025-09-14T16:41:08.433394+00:00 killerser-desktop kernel: smpboot: Total of 8 processors activated (36864.00 BogoMIPS)
2025-09-14T16:41:08.433394+00:00 killerser-desktop kernel: Memory: 3918804K/4193156K available (21446K kernel code, 4573K rwdata, 15052K rodata, 5132K init, 4436K bss, 266116K reserved, 0K cma-reserved)
2025-09-14T16:41:08.433394+00:00 killerser-desktop systemd[1]: proc-sys-fs-binfmt_misc.automount: Got automount request for /proc/sys/fs/binfmt_misc, triggered by 627 (systemd-binfmt)
2025-09-14T16:41:08.433395+00:00 killerser-desktop kernel: devtmpfs: initialized
2025-09-14T16:41:08.433396+00:00 killerser-desktop systemd[1]: Reached target network-pre.target - Preparation for Network.
2025-09-14T16:41:08.433398+00:00 killerser-desktop systemd[1]: Mounting proc-sys-fs-binfmt_misc.mount - Arbitrary Executable File Formats File System...
2025-09-14T16:41:08.433400+00:00 killerser-desktop kernel: x86/mm: Memory block size: 128MB
2025-09-14T16:41:08.433401+00:00 killerser-desktop kernel: ACPI: PM: Registering ACPI NVS region [mem 0xf7ffb000-0xf7ffefff] (16384 bytes)
2025-09-14T16:41:08.433402+00:00 killerser-desktop kernel: clocksource: jiffies: mask: 0xffffffff max_cycles: 0xffffffff, max_idle_ns: 1911260446275000 ns
2025-09-14T16:41:08.433400+00:00 killerser-desktop systemd[1]: Received SIGRTMIN+20 from PID 239 (plymouthd).
2025-09-14T16:41:08.433402+00:00 killerser-desktop kernel: futex hash table entries: 2048 (order: 5, 131072 bytes, linear)
2025-09-14T16:41:08.433402+00:00 killerser-desktop kernel: pinctrl core: initialized pinctrl subsystem
2025-09-14T16:41:08.433403+00:00 killerser-desktop kernel: PM: RTC time: 16:41:00, date: 2025-09-14
2025-09-14T16:41:08.433403+00:00 killerser-desktop systemd[1]: Mounted proc-sys-fs-binfmt_misc.mount - Arbitrary Executable File Formats File System.
2025-09-14T16:41:08.433406+00:00 killerser-desktop kernel: NET: Registered PF_NETLINK/PF_ROUTE protocol family
2025-09-14T16:41:08.433405+00:00 killerser-desktop systemd[1]: Finished plymouth-read-write.service - Tell Plymouth To Write Out Runtime Data.
2025-09-14T16:41:08.433407+00:00 killerser-desktop kernel: DMA: preallocated 512 KiB GFP_KERNEL pool for atomic allocations
2025-09-14T16:41:08.433407+00:00 killerser-desktop systemd[1]: Finished systemd-binfmt.service - Set Up Additional Binary Formats.
2025-09-14T16:41:08.433409+00:00 killerser-desktop systemd[1]: Finished systemd-tmpfiles-setup.service - Create Volatile Files and Directories.
2025-09-14T16:41:08.433411+00:00 killerser-desktop systemd[1]: systemd-firstboot.service - First Boot Wizard was skipped because of an unmet condition check (ConditionFirstBoot=yes).
2025-09-14T16:41:08.433414+00:00 killerser-desktop systemd[1]: first-boot-complete.target - First Boot Complete was skipped because of an unmet condition check (ConditionFirstBoot=yes).
2025-09-14T16:41:08.433416+00:00 killerser-desktop systemd[1]: Starting systemd-journal-catalog-update.service - Rebuild Journal Catalog...
2025-09-14T16:41:08.433417+00:00 killerser-desktop systemd[1]: systemd-machine-id-commit.service - Commit a transient machine-id on disk was skipped because of an unmet condition check (ConditionPathIsMountPoint=/etc/machine-id).
2025-09-14T16:41:08.433419+00:00 killerser-desktop systemd[1]: Starting systemd-oomd.service - Userspace Out-Of-Memory (OOM) Killer...
2025-09-14T16:41:08.433421+00:00 killerser-desktop systemd[1]: Starting systemd-resolved.service - Network Name Resolution...
2025-09-14T16:41:08.433423+00:00 killerser-desktop systemd[1]: Starting systemd-timesyncd.service - Network Time Synchronization...
2025-09-14T16:41:08.433425+00:00 killerser-desktop systemd[1]: Starting systemd-update-utmp.service - Record System Boot/Shutdown in UTMP...
2025-09-14T16:41:08.433427+00:00 killerser-desktop systemd[1]: Finished systemd-update-utmp.service - Record System Boot/Shutdown in UTMP.
2025-09-14T16:41:08.433429+00:00 killerser-desktop systemd[1]: Started systemd-timesyncd.service - Network Time Synchronization.
2025-09-14T16:41:08.433431+00:00 killerser-desktop systemd[1]: Reached target time-set.target - System Time Set.
2025-09-14T16:41:08.433432+00:00 killerser-desktop systemd[1]: Started systemd-oomd.service - Userspace Out-Of-Memory (OOM) Killer.
2025-09-14T16:41:08.433434+00:00 killerser-desktop systemd-resolved[663]: Positive Trust Anchors:
2025-09-14T16:41:08.433437+00:00 killerser-desktop systemd-resolved[663]: . IN DS 20326 8 2 e06d44b80b8f1d39a95c0b0d7c65d08458e880409bbc683457104237c7f8ec8d
2025-09-14T16:41:08.433439+00:00 killerser-desktop kernel: DMA: preallocated 512 KiB GFP_KERNEL|GFP_DMA pool for atomic allocations
2025-09-14T16:41:08.433439+00:00 killerser-desktop kernel: DMA: preallocated 512 KiB GFP_KERNEL|GFP_DMA32 pool for atomic allocations
2025-09-14T16:41:08.433439+00:00 killerser-desktop kernel: audit: initializing netlink subsys (disabled)
2025-09-14T16:41:08.433440+00:00 killerser-desktop kernel: audit: type=2000 audit(1757868060.010:1): state=initialized audit_enabled=0 res=1
2025-09-14T16:41:08.433440+00:00 killerser-desktop kernel: thermal_sys: Registered thermal governor 'fair_share'
2025-09-14T16:41:08.433439+00:00 killerser-desktop systemd-resolved[663]: Negative trust anchors: home.arpa 10.in-addr.arpa 16.172.in-addr.arpa 17.172.in-addr.arpa 18.172.in-addr.arpa 19.172.in-addr.arpa 20.172.in-addr.arpa 21.172.in-addr.arpa 22.172.in-addr.arpa 23.172.in-addr.arpa 24.172.in-addr.arpa 25.172.in-addr.arpa 26.172.in-addr.arpa 27.172.in-addr.arpa 28.172.in-addr.arpa 29.172.in-addr.arpa 30.172.in-addr.arpa 31.172.in-addr.arpa 170.0.0.192.in-addr.arpa 171.0.0.192.in-addr.arpa 168.192.in-addr.arpa d.f.ip6.arpa ipv4only.arpa corp home internal intranet lan local private test
2025-09-14T16:41:08.433441+00:00 killerser-desktop systemd[1]: Finished ldconfig.service - Rebuild Dynamic Linker Cache.
2025-09-14T16:41:08.433442+00:00 killerser-desktop kernel: thermal_sys: Registered thermal governor 'bang_bang'
2025-09-14T16:41:08.433443+00:00 killerser-desktop kernel: thermal_sys: Registered thermal governor 'step_wise'
2025-09-14T16:41:08.433443+00:00 killerser-desktop kernel: thermal_sys: Registered thermal governor 'user_space'
2025-09-14T16:41:08.433443+00:00 killerser-desktop kernel: thermal_sys: Registered thermal governor 'power_allocator'
2025-09-14T16:41:08.433443+00:00 killerser-desktop kernel: cpuidle: using governor ladder
2025-09-14T16:41:08.433444+00:00 killerser-desktop kernel: cpuidle: using governor menu
2025-09-14T16:41:08.433443+00:00 killerser-desktop systemd[1]: Finished systemd-journal-catalog-update.service - Rebuild Journal Catalog.
2025-09-14T16:41:08.433446+00:00 killerser-desktop kernel: acpiphp: ACPI Hot Plug PCI Controller Driver version: 0.5
2025-09-14T16:41:08.433446+00:00 killerser-desktop kernel: e820: reserve RAM buffer [mem 0xf6a82000-0xf7ffffff]
2025-09-14T16:41:08.433447+00:00 killerser-desktop kernel: e820: reserve RAM buffer [mem 0xf7f41000-0xf7ffffff]
2025-09-14T16:41:08.433447+00:00 killerser-desktop kernel: kprobes: kprobe jump-optimization is enabled. All kprobes are optimized if possible.
2025-09-14T16:41:08.433447+00:00 killerser-desktop kernel: HugeTLB: registered 1.00 GiB page size, pre-allocated 0 pages
2025-09-14T16:41:08.433445+00:00 killerser-desktop systemd[1]: Starting systemd-update-done.service - Update is Completed...
2025-09-14T16:41:08.433447+00:00 killerser-desktop kernel: HugeTLB: 16380 KiB vmemmap can be freed for a 1.00 GiB page
2025-09-14T16:41:08.433448+00:00 killerser-desktop kernel: HugeTLB: registered 2.00 MiB page size, pre-allocated 0 pages
2025-09-14T16:41:08.433448+00:00 killerser-desktop systemd[1]: Finished systemd-update-done.service - Update is Completed.
2025-09-14T16:41:08.433450+00:00 killerser-desktop kernel: HugeTLB: 28 KiB vmemmap can be freed for a 2.00 MiB page
2025-09-14T16:41:08.433450+00:00 killerser-desktop kernel: ACPI: Added _OSI(Module Device)
2025-09-14T16:41:08.433450+00:00 killerser-desktop kernel: ACPI: Added _OSI(Processor Device)
2025-09-14T16:41:08.433451+00:00 killerser-desktop kernel: ACPI: Added _OSI(3.0 _SCP Extensions)
2025-09-14T16:41:08.433450+00:00 killerser-desktop systemd-resolved[663]: Using system hostname 'killerser-desktop'.
2025-09-14T16:41:08.433451+00:00 killerser-desktop kernel: ACPI: Added _OSI(Processor Aggregator Device)
2025-09-14T16:41:08.433452+00:00 killerser-desktop kernel: ACPI: 1 ACPI AML tables successfully acquired and loaded
2025-09-14T16:41:08.433452+00:00 killerser-desktop systemd[1]: Started systemd-resolved.service - Network Name Resolution.
2025-09-14T16:41:08.433454+00:00 killerser-desktop kernel: ACPI: Interpreter enabled
2025-09-14T16:41:08.433454+00:00 killerser-desktop kernel: ACPI: PM: (supports S0 S5)
2025-09-14T16:41:08.433454+00:00 killerser-desktop kernel: ACPI: Using IOAPIC for interrupt routing
2025-09-14T16:41:08.433455+00:00 killerser-desktop kernel: PCI: Using host bridge windows from ACPI; if necessary, use "pci=nocrs" and report a bug
2025-09-14T16:41:08.433455+00:00 killerser-desktop kernel: PCI: Ignoring E820 reservations for host bridge windows
2025-09-14T16:41:08.433454+00:00 killerser-desktop systemd[1]: Reached target nss-lookup.target - Host and Network Name Lookups.
2025-09-14T16:41:08.433455+00:00 killerser-desktop kernel: ACPI: Enabled 2 GPEs in block 00 to 0F
2025-09-14T16:41:08.433457+00:00 killerser-desktop kernel: iommu: Default domain type: Translated
2025-09-14T16:41:08.433458+00:00 killerser-desktop kernel: iommu: DMA domain TLB invalidation policy: lazy mode
2025-09-14T16:41:08.433458+00:00 killerser-desktop kernel: SCSI subsystem initialized
2025-09-14T16:41:08.433458+00:00 killerser-desktop kernel: libata version 3.00 loaded.
2025-09-14T16:41:08.433458+00:00 killerser-desktop kernel: ACPI: bus type USB registered
2025-09-14T16:41:08.433458+00:00 killerser-desktop kernel: usbcore: registered new interface driver usbfs
2025-09-14T16:41:08.433456+00:00 killerser-desktop apparmor.systemd[760]: Warning: found usr.sbin.sssd in /etc/apparmor.d/force-complain, forcing complain mode
2025-09-14T16:41:08.433459+00:00 killerser-desktop kernel: usbcore: registered new interface driver hub
2025-09-14T16:41:08.433461+00:00 killerser-desktop kernel: usbcore: registered new device driver usb
2025-09-14T16:41:08.433461+00:00 killerser-desktop kernel: pps_core: LinuxPPS API ver. 1 registered
2025-09-14T16:41:08.433462+00:00 killerser-desktop kernel: pps_core: Software ver. 5.3.6 - Copyright 2005-2007 Rodolfo Giometti <giometti@linux.it>
2025-09-14T16:41:08.433462+00:00 killerser-desktop kernel: PTP clock support registered
2025-09-14T16:41:08.433460+00:00 killerser-desktop apparmor.systemd[760]: Warning from /etc/apparmor.d (/etc/apparmor.d/usr.sbin.sssd line 63): Caching disabled for: 'usr.sbin.sssd' due to force complain
2025-09-14T16:41:08.433462+00:00 killerser-desktop kernel: EDAC MC: Ver: 3.0.0
2025-09-14T16:41:08.433463+00:00 killerser-desktop kernel: efivars: Registered efivars operations
2025-09-14T16:41:08.433463+00:00 killerser-desktop systemd[1]: Finished apparmor.service - Load AppArmor profiles.
2025-09-14T16:41:08.433464+00:00 killerser-desktop kernel: NetLabel: Initializing
2025-09-14T16:41:08.433465+00:00 killerser-desktop kernel: NetLabel:  domain hash size = 128
2025-09-14T16:41:08.433465+00:00 killerser-desktop kernel: NetLabel:  protocols = UNLABELED CIPSOv4 CALIPSO
2025-09-14T16:41:08.433465+00:00 killerser-desktop kernel: NetLabel:  unlabeled traffic allowed by default
2025-09-14T16:41:08.433466+00:00 killerser-desktop kernel: mctp: management component transport protocol core
2025-09-14T16:41:08.433465+00:00 killerser-desktop systemd[1]: Starting snapd.apparmor.service - Load AppArmor profiles managed internally by snapd...
2025-09-14T16:41:08.433466+00:00 killerser-desktop kernel: NET: Registered PF_MCTP protocol family
2025-09-14T16:41:08.433467+00:00 killerser-desktop kernel: PCI: Using ACPI for IRQ routing
2025-09-14T16:41:08.433469+00:00 killerser-desktop kernel: PCI: System does not support PCI
2025-09-14T16:41:08.433469+00:00 killerser-desktop kernel: vgaarb: loaded
2025-09-14T16:41:08.433469+00:00 killerser-desktop kernel: clocksource: Switched to clocksource hyperv_clocksource_tsc_page
2025-09-14T16:41:08.433470+00:00 killerser-desktop kernel: VFS: Disk quotas dquot_6.6.0
2025-09-14T16:41:08.433470+00:00 killerser-desktop kernel: VFS: Dquot-cache hash table entries: 512 (order 0, 4096 bytes)
2025-09-14T16:41:08.433470+00:00 killerser-desktop kernel: AppArmor: AppArmor Filesystem Enabled
2025-09-14T16:41:08.433469+00:00 killerser-desktop snapd-apparmor[769]: main.go:146: Loading profiles [/var/lib/snapd/apparmor/profiles/snap-confine.snapd.24792 /var/lib/snapd/apparmor/profiles/snap-update-ns.firefox /var/lib/snapd/apparmor/profiles/snap-update-ns.firmware-updater /var/lib/snapd/apparmor/profiles/snap-update-ns.snap-store /var/lib/snapd/apparmor/profiles/snap-update-ns.snapd-desktop-integration /var/lib/snapd/apparmor/profiles/snap.firefox.firefox /var/lib/snapd/apparmor/profiles/snap.firefox.geckodriver /var/lib/snapd/apparmor/profiles/snap.firefox.hook.configure /var/lib/snapd/apparmor/profiles/snap.firefox.hook.disconnect-plug-host-hunspell /var/lib/snapd/apparmor/profiles/snap.firefox.hook.install /var/lib/snapd/apparmor/profiles/snap.firefox.hook.post-refresh /var/lib/snapd/apparmor/profiles/snap.firmware-updater.firmware-notifier /var/lib/snapd/apparmor/profiles/snap.firmware-updater.firmware-updater /var/lib/snapd/apparmor/profiles/snap.firmware-updater.firmware-updater-app /var/lib/snapd/apparmor/profiles/snap.firmware-updater.hook.configure /var/lib/snapd/apparmor/profiles/snap.snap-store.hook.configure /var/lib/snapd/apparmor/profiles/snap.snap-store.show-updates /var/lib/snapd/apparmor/profiles/snap.snap-store.snap-store /var/lib/snapd/apparmor/profiles/snap.snapd-desktop-integration.hook.configure /var/lib/snapd/apparmor/profiles/snap.snapd-desktop-integration.snapd-desktop-integration]
2025-09-14T16:41:08.433472+00:00 killerser-desktop kernel: pnp: PnP ACPI init
2025-09-14T16:41:08.433472+00:00 killerser-desktop kernel: pnp: PnP ACPI: found 1 devices
2025-09-14T16:41:08.433473+00:00 killerser-desktop kernel: clocksource: acpi_pm: mask: 0xffffff max_cycles: 0xffffff, max_idle_ns: 2085701024 ns
2025-09-14T16:41:08.433473+00:00 killerser-desktop kernel: NET: Registered PF_INET protocol family
2025-09-14T16:41:08.433473+00:00 killerser-desktop kernel: IP idents hash table entries: 65536 (order: 7, 524288 bytes, linear)
2025-09-14T16:41:08.433473+00:00 killerser-desktop kernel: tcp_listen_portaddr_hash hash table entries: 2048 (order: 3, 32768 bytes, linear)
2025-09-14T16:41:08.433473+00:00 killerser-desktop systemd[1]: Finished snapd.apparmor.service - Load AppArmor profiles managed internally by snapd.
2025-09-14T16:41:08.433476+00:00 killerser-desktop kernel: Table-perturb hash table entries: 65536 (order: 6, 262144 bytes, linear)
2025-09-14T16:41:08.433476+00:00 killerser-desktop kernel: TCP established hash table entries: 32768 (order: 6, 262144 bytes, linear)
2025-09-14T16:41:08.433476+00:00 killerser-desktop kernel: TCP bind hash table entries: 32768 (order: 8, 1048576 bytes, linear)
2025-09-14T16:41:08.433477+00:00 killerser-desktop kernel: TCP: Hash tables configured (established 32768 bind 32768)
2025-09-14T16:41:08.433477+00:00 killerser-desktop kernel: MPTCP token hash table entries: 4096 (order: 4, 98304 bytes, linear)
2025-09-14T16:41:08.433476+00:00 killerser-desktop systemd[1]: Reached target sysinit.target - System Initialization.
2025-09-14T16:41:08.433478+00:00 killerser-desktop kernel: UDP hash table entries: 2048 (order: 5, 131072 bytes, linear)
2025-09-14T16:41:08.433479+00:00 killerser-desktop kernel: UDP-Lite hash table entries: 2048 (order: 5, 131072 bytes, linear)
2025-09-14T16:41:08.433480+00:00 killerser-desktop kernel: NET: Registered PF_UNIX/PF_LOCAL protocol family
2025-09-14T16:41:08.433480+00:00 killerser-desktop systemd[1]: apport-autoreport.path - Process error reports when automatic reporting is enabled (file watch) was skipped because of an unmet condition check (ConditionPathExists=/var/lib/apport/autoreport).
2025-09-14T16:41:08.433481+00:00 killerser-desktop kernel: NET: Registered PF_XDP protocol family
2025-09-14T16:41:08.433482+00:00 killerser-desktop kernel: PCI: CLS 0 bytes, default 64
2025-09-14T16:41:08.433482+00:00 killerser-desktop kernel: PCI-DMA: Using software bounce buffering for IO (SWIOTLB)
2025-09-14T16:41:08.433482+00:00 killerser-desktop kernel: software IO TLB: mapped [mem 0x00000000f2978000-0x00000000f6978000] (64MB)
2025-09-14T16:41:08.433482+00:00 killerser-desktop kernel: Trying to unpack rootfs image as initramfs...
2025-09-14T16:41:08.433482+00:00 killerser-desktop systemd[1]: Started cups.path - CUPS Scheduler.
2025-09-14T16:41:08.433484+00:00 killerser-desktop kernel: Initialise system trusted keyrings
2025-09-14T16:41:08.433485+00:00 killerser-desktop kernel: Key type blacklist registered
2025-09-14T16:41:08.433485+00:00 killerser-desktop kernel: workingset: timestamp_bits=36 max_order=20 bucket_order=0
2025-09-14T16:41:08.433484+00:00 killerser-desktop systemd[1]: tpm-udev.path - Handle dynamically added tpm devices was skipped because of an unmet condition check (ConditionVirtualization=container).
2025-09-14T16:41:08.433486+00:00 killerser-desktop kernel: zbud: loaded
2025-09-14T16:41:08.433487+00:00 killerser-desktop kernel: squashfs: version 4.0 (2009/01/31) Phillip Lougher
2025-09-14T16:41:08.433487+00:00 killerser-desktop kernel: fuse: init (API version 7.42)
2025-09-14T16:41:08.433487+00:00 killerser-desktop kernel: integrity: Platform Keyring initialized
2025-09-14T16:41:08.433489+00:00 killerser-desktop kernel: integrity: Machine keyring initialized
2025-09-14T16:41:08.433487+00:00 killerser-desktop systemd[1]: Started whoopsie.path - Start whoopsie on modification of the /var/crash directory.
2025-09-14T16:41:08.433489+00:00 killerser-desktop kernel: Key type asymmetric registered
2025-09-14T16:41:08.433490+00:00 killerser-desktop kernel: Asymmetric key parser 'x509' registered
2025-09-14T16:41:08.433490+00:00 killerser-desktop kernel: Block layer SCSI generic (bsg) driver version 0.4 loaded (major 243)
2025-09-14T16:41:08.433491+00:00 killerser-desktop kernel: io scheduler mq-deadline registered
2025-09-14T16:41:08.433491+00:00 killerser-desktop kernel: ledtrig-cpu: registered to indicate activity on CPUs
2025-09-14T16:41:08.433491+00:00 killerser-desktop systemd[1]: Started anacron.timer - Trigger anacron every hour.
2025-09-14T16:41:08.433493+00:00 killerser-desktop kernel: shpchp: Standard Hot Plug PCI Controller Driver version: 0.4
2025-09-14T16:41:08.433493+00:00 killerser-desktop systemd[1]: apport-autoreport.timer - Process error reports when automatic reporting is enabled (timer based) was skipped because of an unmet condition check (ConditionPathExists=/var/lib/apport/autoreport).
2025-09-14T16:41:08.433493+00:00 killerser-desktop kernel: ACPI: AC: AC Adapter [AC1] (on-line)
2025-09-14T16:41:08.433495+00:00 killerser-desktop kernel: Serial: 8250/16550 driver, 32 ports, IRQ sharing enabled
2025-09-14T16:41:08.433495+00:00 killerser-desktop kernel: ACPI: battery: Slot [BAT1] (battery present)
2025-09-14T16:41:08.433495+00:00 killerser-desktop kernel: Linux agpgart interface v0.103
2025-09-14T16:41:08.433495+00:00 killerser-desktop kernel: loop: module loaded
2025-09-14T16:41:08.433495+00:00 killerser-desktop systemd[1]: Started apt-daily.timer - Daily apt download activities.
2025-09-14T16:41:08.433497+00:00 killerser-desktop kernel: ACPI: bus type drm_connector registered
2025-09-14T16:41:08.433497+00:00 killerser-desktop systemd[1]: Started apt-daily-upgrade.timer - Daily apt upgrade and clean activities.
2025-09-14T16:41:08.433498+00:00 killerser-desktop kernel: tun: Universal TUN/TAP device driver, 1.6
2025-09-14T16:41:08.433499+00:00 killerser-desktop kernel: PPP generic driver version 2.4.2
2025-09-14T16:41:08.433499+00:00 killerser-desktop kernel: i8042: PNP: No PS/2 controller found.
2025-09-14T16:41:08.433499+00:00 killerser-desktop kernel: mousedev: PS/2 mouse device common for all mice
2025-09-14T16:41:08.433499+00:00 killerser-desktop kernel: rtc_cmos 00:00: RTC can wake from S4
2025-09-14T16:41:08.433499+00:00 killerser-desktop systemd[1]: Started dpkg-db-backup.timer - Daily dpkg database backup timer.
2025-09-14T16:41:08.433500+00:00 killerser-desktop kernel: rtc_cmos 00:00: registered as rtc0
2025-09-14T16:41:08.433503+00:00 killerser-desktop kernel: rtc_cmos 00:00: setting system clock to 2025-09-14T16:41:00 UTC (1757868060)
2025-09-14T16:41:08.433503+00:00 killerser-desktop kernel: rtc_cmos 00:00: alarms up to one month, 114 bytes nvram
2025-09-14T16:41:08.433503+00:00 killerser-desktop kernel: i2c_dev: i2c /dev entries driver
2025-09-14T16:41:08.433501+00:00 killerser-desktop systemd[1]: Started e2scrub_all.timer - Periodic ext4 Online Metadata Check for All Filesystems.
2025-09-14T16:41:08.433503+00:00 killerser-desktop kernel: device-mapper: core: CONFIG_IMA_DISABLE_HTABLE is disabled. Duplicate IMA measurements will not be recorded in the IMA log.
2025-09-14T16:41:08.433504+00:00 killerser-desktop kernel: device-mapper: uevent: version 1.0.3
2025-09-14T16:41:08.433505+00:00 killerser-desktop kernel: device-mapper: ioctl: 4.49.0-ioctl (2025-01-17) initialised: dm-devel@lists.linux.dev
2025-09-14T16:41:08.433505+00:00 killerser-desktop systemd[1]: Started fstrim.timer - Discard unused filesystem blocks once a week.
2025-09-14T16:41:08.433507+00:00 killerser-desktop kernel: intel_pstate: CPU model not supported
2025-09-14T16:41:08.433507+00:00 killerser-desktop kernel: simple-framebuffer simple-framebuffer.0: [drm] Registered 1 planes with drm panic
2025-09-14T16:41:08.433507+00:00 killerser-desktop kernel: [drm] Initialized simpledrm 1.0.0 for simple-framebuffer.0 on minor 0
2025-09-14T16:41:08.433507+00:00 killerser-desktop systemd[1]: Started fwupd-refresh.timer - Refresh fwupd metadata regularly.
2025-09-14T16:41:08.433508+00:00 killerser-desktop kernel: fbcon: Deferring console take-over
2025-09-14T16:41:08.433509+00:00 killerser-desktop kernel: simple-framebuffer simple-framebuffer.0: [drm] fb0: simpledrmdrmfb frame buffer device
2025-09-14T16:41:08.433509+00:00 killerser-desktop kernel: drop_monitor: Initializing network drop monitor service
2025-09-14T16:41:08.433509+00:00 killerser-desktop systemd[1]: Started logrotate.timer - Daily rotation of log files.
2025-09-14T16:41:08.433511+00:00 killerser-desktop kernel: NET: Registered PF_INET6 protocol family
2025-09-14T16:41:08.433511+00:00 killerser-desktop kernel: Freeing initrd memory: 71092K
2025-09-14T16:41:08.433511+00:00 killerser-desktop kernel: Segment Routing with IPv6
2025-09-14T16:41:08.433511+00:00 killerser-desktop systemd[1]: Started man-db.timer - Daily man-db regeneration.
2025-09-14T16:41:08.433512+00:00 killerser-desktop kernel: In-situ OAM (IOAM) with IPv6
2025-09-14T16:41:08.433512+00:00 killerser-desktop kernel: NET: Registered PF_PACKET protocol family
2025-09-14T16:41:08.433513+00:00 killerser-desktop kernel: Key type dns_resolver registered
2025-09-14T16:41:08.433513+00:00 killerser-desktop kernel: IPI shorthand broadcast: enabled
2025-09-14T16:41:08.433513+00:00 killerser-desktop systemd[1]: Started motd-news.timer - Message of the Day.
2025-09-14T16:41:08.433515+00:00 killerser-desktop kernel: sched_clock: Marking stable (189002100, 1308800)->(238840300, -48529400)
2025-09-14T16:41:08.433515+00:00 killerser-desktop kernel: registered taskstats version 1
2025-09-14T16:41:08.433515+00:00 killerser-desktop systemd[1]: snapd.snap-repair.timer - Timer to automatically fetch and run repair assertions was skipped because no trigger condition checks were met.
2025-09-14T16:41:08.433518+00:00 killerser-desktop systemd[1]: Started sysstat-collect.timer - Run system activity accounting tool every 10 minutes.
2025-09-14T16:41:08.433520+00:00 killerser-desktop systemd[1]: Started sysstat-summary.timer - Generate summary of yesterday's process accounting.
2025-09-14T16:41:08.433522+00:00 killerser-desktop systemd[1]: Started systemd-tmpfiles-clean.timer - Daily Cleanup of Temporary Directories.
2025-09-14T16:41:08.433524+00:00 killerser-desktop systemd[1]: ua-timer.timer - Ubuntu Pro Timer for running repeated jobs was skipped because of an unmet condition check (ConditionPathExists=/var/lib/ubuntu-advantage/private/machine-token.json).
2025-09-14T16:41:08.433525+00:00 killerser-desktop systemd[1]: Reached target paths.target - Path Units.
2025-09-14T16:41:08.433528+00:00 killerser-desktop systemd[1]: apport-forward.socket - Unix socket for apport crash forwarding was skipped because of an unmet condition check (ConditionVirtualization=container).
2025-09-14T16:41:08.433530+00:00 killerser-desktop systemd[1]: Listening on avahi-daemon.socket - Avahi mDNS/DNS-SD Stack Activation Socket.
2025-09-14T16:41:08.433531+00:00 killerser-desktop systemd[1]: Listening on cups.socket - CUPS Scheduler.
2025-09-14T16:41:08.433533+00:00 killerser-desktop systemd[1]: Listening on dbus.socket - D-Bus System Message Bus Socket.
2025-09-14T16:41:08.433535+00:00 killerser-desktop systemd[1]: Starting snapd.socket - Socket activation for snappy daemon...
2025-09-14T16:41:08.433536+00:00 killerser-desktop systemd[1]: Listening on uuidd.socket - UUID daemon activation socket.
2025-09-14T16:41:08.433539+00:00 killerser-desktop systemd[1]: systemd-pcrphase-sysinit.service - TPM2 PCR Barrier (Initialization) was skipped because of an unmet condition check (ConditionSecurity=measured-uki).
2025-09-14T16:41:08.433541+00:00 killerser-desktop kernel: Loading compiled-in X.509 certificates
2025-09-14T16:41:08.433541+00:00 killerser-desktop systemd[1]: Listening on snapd.socket - Socket activation for snappy daemon.
2025-09-14T16:41:08.433542+00:00 killerser-desktop kernel: Loaded X.509 cert 'Build time autogenerated kernel key: 84a77c074d7c6dd17d2f8174ff424123ea4db0a8'
2025-09-14T16:41:08.433543+00:00 killerser-desktop kernel: Loaded X.509 cert 'Canonical Ltd. Live Patch Signing 2025 Kmod: d541cef61dc7e793b7eb7e899970a2eef0b5dc8c'
2025-09-14T16:41:08.433543+00:00 killerser-desktop kernel: Loaded X.509 cert 'Canonical Ltd. Live Patch Signing: 14df34d1a87cf37625abec039ef2bf521249b969'
2025-09-14T16:41:08.433544+00:00 killerser-desktop systemd[1]: Reached target sockets.target - Socket Units.
2025-09-14T16:41:08.433545+00:00 killerser-desktop kernel: Loaded X.509 cert 'Canonical Ltd. Kernel Module Signing: 88f752e560a1e0737e31163a466ad7b70a850c19'
2025-09-14T16:41:08.433546+00:00 killerser-desktop kernel: blacklist: Loading compiled-in revocation X.509 certificates
2025-09-14T16:41:08.433545+00:00 killerser-desktop systemd[1]: Reached target basic.target - Basic System.
2025-09-14T16:41:08.433546+00:00 killerser-desktop kernel: Loaded X.509 cert 'Canonical Ltd. Secure Boot Signing: 61482aa2830d0ab2ad5af10b7250da9033ddcef0'
2025-09-14T16:41:08.433547+00:00 killerser-desktop kernel: Loaded X.509 cert 'Canonical Ltd. Secure Boot Signing (2017): 242ade75ac4a15e50d50c84b0d45ff3eae707a03'
2025-09-14T16:41:08.433547+00:00 killerser-desktop kernel: Loaded X.509 cert 'Canonical Ltd. Secure Boot Signing (ESM 2018): 365188c1d374d6b07c3c8f240f8ef722433d6a8b'
2025-09-14T16:41:08.433548+00:00 killerser-desktop kernel: Loaded X.509 cert 'Canonical Ltd. Secure Boot Signing (2019): c0746fd6c5da3ae827864651ad66ae47fe24b3e8'
2025-09-14T16:41:08.433548+00:00 killerser-desktop systemd[1]: Started anacron.service - Run anacron jobs.
2025-09-14T16:41:08.433549+00:00 killerser-desktop kernel: Loaded X.509 cert 'Canonical Ltd. Secure Boot Signing (2021 v1): a8d54bbb3825cfb94fa13c9f8a594a195c107b8d'
2025-09-14T16:41:08.433550+00:00 killerser-desktop kernel: Loaded X.509 cert 'Canonical Ltd. Secure Boot Signing (2021 v2): 4cf046892d6fd3c9a5b03f98d845f90851dc6a8c'
2025-09-14T16:41:08.433550+00:00 killerser-desktop kernel: Loaded X.509 cert 'Canonical Ltd. Secure Boot Signing (2021 v3): 100437bb6de6e469b581e61cd66bce3ef4ed53af'
2025-09-14T16:41:08.433551+00:00 killerser-desktop kernel: Loaded X.509 cert 'Canonical Ltd. Secure Boot Signing (Ubuntu Core 2019): c1d57b8f6b743f23ee41f4f7ee292f06eecadfb9'
2025-09-14T16:41:08.433551+00:00 killerser-desktop kernel: Demotion targets for Node 0: null
2025-09-14T16:41:08.433550+00:00 killerser-desktop systemd[1]: Starting apport.service - automatic crash report generation...
2025-09-14T16:41:08.433553+00:00 killerser-desktop kernel: Key type .fscrypt registered
2025-09-14T16:41:08.433553+00:00 killerser-desktop kernel: Key type fscrypt-provisioning registered
2025-09-14T16:41:08.433553+00:00 killerser-desktop kernel: Key type encrypted registered
2025-09-14T16:41:08.433554+00:00 killerser-desktop kernel: AppArmor: AppArmor sha256 policy hashing enabled
2025-09-14T16:41:08.433553+00:00 killerser-desktop systemd[1]: Starting avahi-daemon.service - Avahi mDNS/DNS-SD Stack...
2025-09-14T16:41:08.433555+00:00 killerser-desktop kernel: integrity: Loading X.509 certificate: UEFI:db
2025-09-14T16:41:08.433555+00:00 killerser-desktop kernel: integrity: Loaded X.509 cert 'Microsoft Corporation UEFI CA 2011: 13adbf4309bd82709c8cd54f316ed522988a1bd4'
2025-09-14T16:41:08.433556+00:00 killerser-desktop kernel: integrity: Loading X.509 certificate: UEFI:db
2025-09-14T16:41:08.433556+00:00 killerser-desktop systemd[1]: Starting dbus.service - D-Bus System Message Bus...
2025-09-14T16:41:08.433562+00:00 killerser-desktop systemd[1]: Started dmesg.service - Save initial kernel messages after boot.
2025-09-14T16:41:08.433608+00:00 killerser-desktop systemd[1]: Starting e2scrub_reap.service - Remove Stale Online ext4 Metadata Check Snapshots...
2025-09-14T16:41:08.433611+00:00 killerser-desktop systemd[1]: getty-static.service - getty on tty2-tty6 if dbus and logind are not available was skipped because of an unmet condition check (ConditionPathExists=!/usr/bin/dbus-daemon).
2025-09-14T16:41:08.433614+00:00 killerser-desktop systemd[1]: Reached target getty.target - Login Prompts.
2025-09-14T16:41:08.433617+00:00 killerser-desktop anacron[806]: Anacron 2.3 started on 2025-09-14
2025-09-14T16:41:08.433619+00:00 killerser-desktop systemd[1]: Starting gnome-remote-desktop.service - GNOME Remote Desktop...
2025-09-14T16:41:08.433621+00:00 killerser-desktop systemd[1]: Starting gpu-manager.service - Detect the available GPUs and deal with any system changes...
2025-09-14T16:41:08.433622+00:00 killerser-desktop anacron[806]: Will run job `cron.daily' in 5 min.
2025-09-14T16:41:08.433624+00:00 killerser-desktop anacron[806]: Will run job `cron.weekly' in 10 min.
2025-09-14T16:41:08.433626+00:00 killerser-desktop anacron[806]: Will run job `cron.monthly' in 15 min.
2025-09-14T16:41:08.433628+00:00 killerser-desktop anacron[806]: Jobs will be executed sequentially
2025-09-14T16:41:08.433630+00:00 killerser-desktop systemd[1]: Starting grub-common.service - Record successful boot for GRUB...
2025-09-14T16:41:08.433632+00:00 killerser-desktop avahi-daemon[808]: Found user 'avahi' (UID 108) and group 'avahi' (GID 111).
2025-09-14T16:41:08.433634+00:00 killerser-desktop systemd[1]: networkd-dispatcher.service - Dispatcher daemon for systemd-networkd was skipped because no trigger condition checks were met.
2025-09-14T16:41:08.433635+00:00 killerser-desktop systemd[1]: Starting polkit.service - Authorization Manager...
2025-09-14T16:41:08.433637+00:00 killerser-desktop systemd[1]: Starting power-profiles-daemon.service - Power Profiles daemon...
2025-09-14T16:41:08.433643+00:00 killerser-desktop dbus-daemon[809]: dbus[809]: Unknown group "power" in message bus configuration file
2025-09-14T16:41:08.433645+00:00 killerser-desktop systemd[1]: Starting rsyslog.service - System Logging Service...
2025-09-14T16:41:08.433647+00:00 killerser-desktop systemd[1]: Starting secureboot-db.service - Secure Boot updates for DB and DBX...
2025-09-14T16:41:08.433648+00:00 killerser-desktop systemd[1]: snapd.core-fixup.service - Automatically repair incorrect owner/permissions on core devices was skipped because no trigger condition checks were met.
2025-09-14T16:41:08.433650+00:00 killerser-desktop systemd[1]: snapd.recovery-chooser-trigger.service - Wait for the Ubuntu Core chooser trigger was skipped because of an unmet condition check (ConditionKernelCommandLine=snapd_recovery_mode).
2025-09-14T16:41:08.433652+00:00 killerser-desktop systemd[1]: Reached target getty-pre.target - Preparation for Logins.
2025-09-14T16:41:08.433655+00:00 killerser-desktop systemd[1]: Starting snapd.seeded.service - Wait until snapd is fully seeded...
2025-09-14T16:41:08.433657+00:00 killerser-desktop systemd[1]: Starting snapd.service - Snap Daemon...
2025-09-14T16:41:08.433659+00:00 killerser-desktop systemd[1]: Starting ssl-cert.service - Generate snakeoil SSL keypair...
2025-09-14T16:41:08.433660+00:00 killerser-desktop systemd[1]: sssd.service - System Security Services Daemon was skipped because no trigger condition checks were met.
2025-09-14T16:41:08.433662+00:00 killerser-desktop systemd[1]: Reached target nss-user-lookup.target - User and Group Name Lookups.
2025-09-14T16:41:08.433664+00:00 killerser-desktop systemd[1]: sssd-nss.socket: Bound to unit sssd.service, but unit isn't active.
2025-09-14T16:41:08.433667+00:00 killerser-desktop systemd[1]: Dependency failed for sssd-nss.socket - SSSD NSS Service responder socket.
2025-09-14T16:41:08.433669+00:00 killerser-desktop systemd[1]: sssd-nss.socket: Job sssd-nss.socket/start failed with result 'dependency'.
2025-09-14T16:41:08.433671+00:00 killerser-desktop systemd[1]: sssd-autofs.socket: Bound to unit sssd.service, but unit isn't active.
2025-09-14T16:41:08.433672+00:00 killerser-desktop systemd[1]: Dependency failed for sssd-autofs.socket - SSSD AutoFS Service responder socket.
2025-09-14T16:41:08.433674+00:00 killerser-desktop systemd[1]: sssd-autofs.socket: Job sssd-autofs.socket/start failed with result 'dependency'.
2025-09-14T16:41:08.433677+00:00 killerser-desktop systemd[1]: sssd-pac.socket: Bound to unit sssd.service, but unit isn't active.
2025-09-14T16:41:08.433679+00:00 killerser-desktop systemd[1]: Dependency failed for sssd-pac.socket - SSSD PAC Service responder socket.
2025-09-14T16:41:08.433681+00:00 killerser-desktop systemd[1]: sssd-pac.socket: Job sssd-pac.socket/start failed with result 'dependency'.
2025-09-14T16:41:08.433683+00:00 killerser-desktop systemd[1]: sssd-pam-priv.socket: Bound to unit sssd.service, but unit isn't active.
2025-09-14T16:41:08.433685+00:00 killerser-desktop systemd[1]: Dependency failed for sssd-pam-priv.socket - SSSD PAM Service responder private socket.
2025-09-14T16:41:08.433686+00:00 killerser-desktop systemd[1]: Dependency failed for sssd-pam.socket - SSSD PAM Service responder socket.
2025-09-14T16:41:08.433690+00:00 killerser-desktop systemd[1]: sssd-pam.socket: Job sssd-pam.socket/start failed with result 'dependency'.
2025-09-14T16:41:08.433691+00:00 killerser-desktop systemd[1]: sssd-pam-priv.socket: Job sssd-pam-priv.socket/start failed with result 'dependency'.
2025-09-14T16:41:08.433693+00:00 killerser-desktop systemd[1]: sssd-ssh.socket: Bound to unit sssd.service, but unit isn't active.
2025-09-14T16:41:08.433695+00:00 killerser-desktop systemd[1]: Dependency failed for sssd-ssh.socket - SSSD SSH Service responder socket.
2025-09-14T16:41:08.433696+00:00 killerser-desktop systemd[1]: sssd-ssh.socket: Job sssd-ssh.socket/start failed with result 'dependency'.
2025-09-14T16:41:08.433700+00:00 killerser-desktop systemd[1]: sssd-sudo.socket: Bound to unit sssd.service, but unit isn't active.
2025-09-14T16:41:08.433702+00:00 killerser-desktop systemd[1]: Dependency failed for sssd-sudo.socket - SSSD Sudo Service responder socket.
2025-09-14T16:41:08.433703+00:00 killerser-desktop systemd[1]: sssd-sudo.socket: Job sssd-sudo.socket/start failed with result 'dependency'.
2025-09-14T16:41:08.433705+00:00 killerser-desktop systemd[1]: Starting accounts-daemon.service - Accounts Service...
2025-09-14T16:41:08.433707+00:00 killerser-desktop systemd[1]: Started cron.service - Regular background program processing daemon.
2025-09-14T16:41:08.433709+00:00 killerser-desktop systemd[1]: Starting switcheroo-control.service - Switcheroo Control Proxy service...
2025-09-14T16:41:08.433712+00:00 killerser-desktop systemd[1]: Starting sysstat.service - Resets System Activity Logs...
2025-09-14T16:41:08.433714+00:00 killerser-desktop (cron)[837]: cron.service: Referenced but unset environment variable evaluates to an empty string: EXTRA_OPTS
2025-09-14T16:41:08.433716+00:00 killerser-desktop systemd[1]: Starting systemd-logind.service - User Login Management...
2025-09-14T16:41:08.433717+00:00 killerser-desktop systemd[1]: systemd-pcrphase.service - TPM2 PCR Barrier (User) was skipped because of an unmet condition check (ConditionSecurity=measured-uki).
2025-09-14T16:41:08.433719+00:00 killerser-desktop systemd[1]: thermald.service - Thermal Daemon Service was skipped because of an unmet condition check (ConditionVirtualization=no).
2025-09-14T16:41:08.433721+00:00 killerser-desktop systemd[1]: ua-reboot-cmds.service - Ubuntu Pro reboot cmds was skipped because of an unmet condition check (ConditionPathExists=/var/lib/ubuntu-advantage/private/machine-token.json).
2025-09-14T16:41:08.433724+00:00 killerser-desktop cron[837]: (CRON) INFO (pidfile fd = 3)
2025-09-14T16:41:08.433726+00:00 killerser-desktop systemd[1]: Starting udisks2.service - Disk Manager...
2025-09-14T16:41:08.433728+00:00 killerser-desktop systemd[1]: e2scrub_reap.service: Deactivated successfully.
2025-09-14T16:41:08.433730+00:00 killerser-desktop systemd[1]: Finished e2scrub_reap.service - Remove Stale Online ext4 Metadata Check Snapshots.
2025-09-14T16:41:08.433732+00:00 killerser-desktop avahi-daemon[808]: Successfully dropped root privileges.
2025-09-14T16:41:08.433736+00:00 killerser-desktop avahi-daemon[808]: avahi-daemon 0.8 starting up.
2025-09-14T16:41:08.433737+00:00 killerser-desktop systemd[1]: Finished sysstat.service - Resets System Activity Logs.
2025-09-14T16:41:08.433739+00:00 killerser-desktop cron[837]: (CRON) INFO (Running @reboot jobs)
2025-09-14T16:41:08.433741+00:00 killerser-desktop udisksd[841]: udisks daemon version 2.10.1 starting
2025-09-14T16:41:08.433742+00:00 killerser-desktop systemd[1]: grub-common.service: Deactivated successfully.
2025-09-14T16:41:08.433744+00:00 killerser-desktop systemd[1]: Finished grub-common.service - Record successful boot for GRUB.
2025-09-14T16:41:08.433745+00:00 killerser-desktop systemd[1]: Starting grub-initrd-fallback.service - GRUB failed boot detection...
2025-09-14T16:41:08.433749+00:00 killerser-desktop sbkeysync[856]: Filesystem keystore:
2025-09-14T16:41:08.433751+00:00 killerser-desktop sbkeysync[856]:   /usr/share/secureboot/updates/dbx/dbxupdate_x64.bin [21170 bytes]
2025-09-14T16:41:08.433752+00:00 killerser-desktop sbkeysync[856]: firmware keys:
2025-09-14T16:41:08.433754+00:00 killerser-desktop sbkeysync[856]:   PK:
2025-09-14T16:41:08.433756+00:00 killerser-desktop sbkeysync[856]:     /C=US/ST=Washington/L=Redmond/O=Microsoft Corporation/CN=Microsoft Hyper-V Firmware PK
2025-09-14T16:41:08.433757+00:00 killerser-desktop sbkeysync[856]:   KEK:
2025-09-14T16:41:08.433761+00:00 killerser-desktop sbkeysync[856]:     /C=US/O=Microsoft Corporation/CN=Microsoft Corporation KEK 2K CA 2023
2025-09-14T16:41:08.433763+00:00 killerser-desktop sbkeysync[856]:     /C=US/ST=Washington/L=Redmond/O=Microsoft Corporation/CN=Microsoft Corporation KEK CA 2011
2025-09-14T16:41:08.433764+00:00 killerser-desktop sbkeysync[856]:   db:
2025-09-14T16:41:08.433766+00:00 killerser-desktop sbkeysync[856]:     /C=US/O=Microsoft Corporation/CN=Azure Services Linux Kmod PCA
2025-09-14T16:41:08.433767+00:00 killerser-desktop sbkeysync[856]:     /C=US/O=Microsoft Corporation/CN=Microsoft UEFI CA 2023
2025-09-14T16:41:08.433771+00:00 killerser-desktop sbkeysync[856]:     /C=US/ST=Washington/L=Redmond/O=Microsoft Corporation/CN=Microsoft Corporation UEFI CA 2011
2025-09-14T16:41:08.433772+00:00 killerser-desktop sbkeysync[856]:   dbx:
2025-09-14T16:41:08.433774+00:00 killerser-desktop sbkeysync[856]:     13a1f37bedfb5417b6b737e2a3816c8fd587d74d836914b2b2edc9fd6ca30e58
2025-09-14T16:41:08.433775+00:00 killerser-desktop sbkeysync[856]:     2b21029fa033526d1dcd9e87ad8893f9b5a08987c3271b8a86716865de53d958
2025-09-14T16:41:08.433777+00:00 killerser-desktop sbkeysync[856]:     cf7f9e7d091023a1a1c3f5cbf7ddacf7b18f03a4d07961f71506fe9df4388eee
2025-09-14T16:41:08.433779+00:00 killerser-desktop sbkeysync[856]:     8ede7732284dab4aa384606ca07be29e72fded094597261a2f6473494a8aca0a
2025-09-14T16:41:08.433782+00:00 killerser-desktop sbkeysync[856]:     f8f38c4febe9d8e45e71a459c5bff171755c348d5f619f3c6ef30a3f8fd02bd1
2025-09-14T16:41:08.433557+00:00 killerser-desktop kernel: integrity: Loaded X.509 cert 'Microsoft UEFI CA 2023: 81aa6b3244c935bce0d6628af39827421e32497d'
2025-09-14T16:41:08.433996+00:00 killerser-desktop kernel: integrity: Loading X.509 certificate: UEFI:db
2025-09-14T16:41:08.433998+00:00 killerser-desktop kernel: integrity: Loaded X.509 cert 'Microsoft Corporation: Azure Services Linux Kmod PCA: 697cc4f41a2209a7abd0604c1f196f4d8c5735d9'
2025-09-14T16:41:08.433998+00:00 killerser-desktop kernel: integrity: Loading X.509 certificate: UEFI:MokListRT (MOKvar table)
2025-09-14T16:41:08.433999+00:00 killerser-desktop kernel: integrity: Loaded X.509 cert 'Canonical Ltd. Master Certificate Authority: ad91990bc22ab1f517048c23b6655a268e345a63'
2025-09-14T16:41:08.433999+00:00 killerser-desktop kernel: ima: No TPM chip found, activating TPM-bypass!
2025-09-14T16:41:08.434000+00:00 killerser-desktop kernel: Loading compiled-in module X.509 certificates
2025-09-14T16:41:08.434000+00:00 killerser-desktop kernel: Loaded X.509 cert 'Build time autogenerated kernel key: 84a77c074d7c6dd17d2f8174ff424123ea4db0a8'
2025-09-14T16:41:08.434000+00:00 killerser-desktop kernel: ima: Allocated hash algorithm: sha256
2025-09-14T16:41:08.434000+00:00 killerser-desktop kernel: evm: Initialising EVM extended attributes:
2025-09-14T16:41:08.434001+00:00 killerser-desktop kernel: evm: security.selinux
2025-09-14T16:41:08.434001+00:00 killerser-desktop kernel: evm: security.SMACK64
2025-09-14T16:41:08.434001+00:00 killerser-desktop kernel: evm: security.SMACK64EXEC
2025-09-14T16:41:08.434002+00:00 killerser-desktop kernel: evm: security.SMACK64TRANSMUTE
2025-09-14T16:41:08.434002+00:00 killerser-desktop kernel: evm: security.SMACK64MMAP
2025-09-14T16:41:08.434002+00:00 killerser-desktop kernel: evm: security.apparmor
2025-09-14T16:41:08.434002+00:00 killerser-desktop kernel: evm: security.ima
2025-09-14T16:41:08.434003+00:00 killerser-desktop kernel: evm: security.capability
2025-09-14T16:41:08.434003+00:00 killerser-desktop kernel: evm: HMAC attrs: 0x1
2025-09-14T16:41:08.434003+00:00 killerser-desktop kernel: audit: type=1807 audit(1757868060.557:2): action=measure func=KEXEC_KERNEL_CHECK res=1
2025-09-14T16:41:08.434004+00:00 killerser-desktop kernel: audit: type=1807 audit(1757868060.557:3): action=measure func=MODULE_CHECK res=1
2025-09-14T16:41:08.434004+00:00 killerser-desktop kernel: PM:   Magic number: 9:899:691
2025-09-14T16:41:08.434004+00:00 killerser-desktop kernel: RAS: Correctable Errors collector initialized.
2025-09-14T16:41:08.434013+00:00 killerser-desktop kernel: Lockdown: swapper/0: hibernation is restricted; see man kernel_lockdown.7
2025-09-14T16:41:08.434013+00:00 killerser-desktop kernel: clk: Disabling unused clocks
2025-09-14T16:41:08.434013+00:00 killerser-desktop kernel: PM: genpd: Disabling unused power domains
2025-09-14T16:41:08.434013+00:00 killerser-desktop kernel: Freeing unused decrypted memory: 2028K
2025-09-14T16:41:08.434014+00:00 killerser-desktop kernel: Freeing unused kernel image (initmem) memory: 5132K
2025-09-14T16:41:08.434014+00:00 killerser-desktop kernel: Write protecting the kernel read-only data: 38912k
2025-09-14T16:41:08.434014+00:00 killerser-desktop kernel: Freeing unused kernel image (text/rodata gap) memory: 1080K
2025-09-14T16:41:08.434014+00:00 killerser-desktop kernel: Freeing unused kernel image (rodata/data gap) memory: 1332K
2025-09-14T16:41:08.434015+00:00 killerser-desktop kernel: x86/mm: Checked W+X mappings: passed, no W+X pages found.
2025-09-14T16:41:08.434015+00:00 killerser-desktop kernel: Run /init as init process
2025-09-14T16:41:08.434015+00:00 killerser-desktop kernel:   with arguments:
2025-09-14T16:41:08.434016+00:00 killerser-desktop kernel:     /init
2025-09-14T16:41:08.434016+00:00 killerser-desktop kernel:     splash
2025-09-14T16:41:08.434016+00:00 killerser-desktop kernel:   with environment:
2025-09-14T16:41:08.434016+00:00 killerser-desktop kernel:     HOME=/
2025-09-14T16:41:08.434017+00:00 killerser-desktop kernel:     TERM=linux
2025-09-14T16:41:08.434017+00:00 killerser-desktop kernel:     BOOT_IMAGE=/boot/vmlinuz-6.14.0-29-generic
2025-09-14T16:41:08.434017+00:00 killerser-desktop kernel: hv_vmbus: Vmbus version:5.2
2025-09-14T16:41:08.434017+00:00 killerser-desktop kernel: hv_vmbus: registering driver hyperv_keyboard
2025-09-14T16:41:08.434018+00:00 killerser-desktop kernel: input: AT Translated Set 2 keyboard as /devices/LNXSYSTM:00/LNXSYBUS:00/ACPI0004:00/VMBUS:00/d34b2567-b9b6-42b9-8778-0a4ec0b955bf/serio0/input/input0
2025-09-14T16:41:08.434018+00:00 killerser-desktop kernel: hv_utils: Registering HyperV Utility Driver
2025-09-14T16:41:08.434019+00:00 killerser-desktop kernel: hv_vmbus: registering driver hv_utils
2025-09-14T16:41:08.434019+00:00 killerser-desktop kernel: hv_utils: Heartbeat IC version 3.0
2025-09-14T16:41:08.434019+00:00 killerser-desktop kernel: hv_utils: Shutdown IC version 3.2
2025-09-14T16:41:08.434019+00:00 killerser-desktop kernel: hv_utils: VSS IC version 5.0
2025-09-14T16:41:08.434049+00:00 killerser-desktop kernel: hv_utils: TimeSync IC version 4.0
2025-09-14T16:41:08.434052+00:00 killerser-desktop kernel: hid: raw HID events driver (C) Jiri Kosina
2025-09-14T16:41:08.434053+00:00 killerser-desktop kernel: hv_vmbus: registering driver hid_hyperv
2025-09-14T16:41:08.434053+00:00 killerser-desktop kernel: hv_vmbus: registering driver hv_netvsc
2025-09-14T16:41:08.434053+00:00 killerser-desktop kernel: hv_vmbus: registering driver hv_storvsc
2025-09-14T16:41:08.434054+00:00 killerser-desktop kernel: input: Microsoft Vmbus HID-compliant Mouse as /devices/0006:045E:0621.0001/input/input1
2025-09-14T16:41:08.434054+00:00 killerser-desktop kernel: hid-hyperv 0006:045E:0621.0001: input: VIRTUAL HID v0.01 Mouse [Microsoft Vmbus HID-compliant Mouse] on 
2025-09-14T16:41:08.434054+00:00 killerser-desktop kernel: scsi host0: storvsc_host_t
2025-09-14T16:41:08.434055+00:00 killerser-desktop kernel: scsi 0:0:0:0: Direct-Access     Msft     Virtual Disk     1.0  PQ: 0 ANSI: 5
2025-09-14T16:41:08.434055+00:00 killerser-desktop kernel: scsi 0:0:0:1: CD-ROM            Msft     Virtual DVD-ROM  1.0  PQ: 0 ANSI: 0
2025-09-14T16:41:08.434056+00:00 killerser-desktop kernel: scsi 0:0:0:2: Direct-Access     Msft     Virtual Disk     1.0  PQ: 0 ANSI: 5
2025-09-14T16:41:08.434057+00:00 killerser-desktop kernel: sd 0:0:0:0: Attached scsi generic sg0 type 0
2025-09-14T16:41:08.434057+00:00 killerser-desktop kernel: sd 0:0:0:0: [sda] 266338304 512-byte logical blocks: (136 GB/127 GiB)
2025-09-14T16:41:08.434057+00:00 killerser-desktop kernel: sd 0:0:0:0: [sda] 4096-byte physical blocks
2025-09-14T16:41:08.434058+00:00 killerser-desktop kernel: sd 0:0:0:0: [sda] Write Protect is off
2025-09-14T16:41:08.434058+00:00 killerser-desktop kernel: sd 0:0:0:0: [sda] Mode Sense: 0f 00 00 00
2025-09-14T16:41:08.434058+00:00 killerser-desktop kernel: sr 0:0:0:1: [sr0] scsi-1 drive
2025-09-14T16:41:08.434058+00:00 killerser-desktop kernel: cdrom: Uniform CD-ROM driver Revision: 3.20
2025-09-14T16:41:08.434058+00:00 killerser-desktop kernel: sd 0:0:0:0: [sda] Write cache: enabled, read cache: enabled, doesn't support DPO or FUA
2025-09-14T16:41:08.434059+00:00 killerser-desktop kernel: hv_storvsc 307b3c84-18b3-4150-85d3-70295e5285fa: tag#581 cmd 0x5a status: scsi 0x2 srb 0x86 hv 0xc0000001
2025-09-14T16:41:08.434059+00:00 killerser-desktop kernel: sr 0:0:0:1: Attached scsi CD-ROM sr0
2025-09-14T16:41:08.434059+00:00 killerser-desktop kernel: sr 0:0:0:1: Attached scsi generic sg1 type 5
2025-09-14T16:41:08.434059+00:00 killerser-desktop kernel: sd 0:0:0:2: Attached scsi generic sg2 type 0
2025-09-14T16:41:08.434061+00:00 killerser-desktop kernel: hv_storvsc 307b3c84-18b3-4150-85d3-70295e5285fa: tag#1 cmd 0x5a status: scsi 0x2 srb 0x86 hv 0xc0000001
2025-09-14T16:41:08.434061+00:00 killerser-desktop kernel: sd 0:0:0:2: [sdb] 266338304 512-byte logical blocks: (136 GB/127 GiB)
2025-09-14T16:41:08.434061+00:00 killerser-desktop kernel: sd 0:0:0:2: [sdb] 4096-byte physical blocks
2025-09-14T16:41:08.434062+00:00 killerser-desktop kernel: sd 0:0:0:2: [sdb] Write Protect is off
2025-09-14T16:41:08.434062+00:00 killerser-desktop kernel: sd 0:0:0:2: [sdb] Mode Sense: 0f 00 00 00
2025-09-14T16:41:08.434062+00:00 killerser-desktop kernel: sd 0:0:0:2: [sdb] Write cache: enabled, read cache: enabled, doesn't support DPO or FUA
2025-09-14T16:41:08.434062+00:00 killerser-desktop kernel: hv_storvsc 307b3c84-18b3-4150-85d3-70295e5285fa: tag#4 cmd 0x5a status: scsi 0x2 srb 0x86 hv 0xc0000001
2025-09-14T16:41:08.434063+00:00 killerser-desktop kernel: hv_storvsc 307b3c84-18b3-4150-85d3-70295e5285fa: tag#11 cmd 0x5a status: scsi 0x2 srb 0x86 hv 0xc0000001
2025-09-14T16:41:08.434063+00:00 killerser-desktop kernel:  sda: sda1 sda2
2025-09-14T16:41:08.434063+00:00 killerser-desktop kernel: sd 0:0:0:0: [sda] Attached SCSI disk
2025-09-14T16:41:08.434063+00:00 killerser-desktop kernel:  sdb: sdb1 sdb2
2025-09-14T16:41:08.434064+00:00 killerser-desktop kernel: sd 0:0:0:2: [sdb] Attached SCSI disk
2025-09-14T16:41:08.434065+00:00 killerser-desktop kernel: EXT4-fs (sda2): mounted filesystem 38e327d4-722b-4933-8059-27674211dd2c ro with ordered data mode. Quota mode: none.
2025-09-14T16:41:08.434065+00:00 killerser-desktop kernel: systemd[1]: Inserted module 'autofs4'
2025-09-14T16:41:08.434100+00:00 killerser-desktop kernel: systemd[1]: systemd 255.4-1ubuntu8.10 running in system mode (+PAM +AUDIT +SELINUX +APPARMOR +IMA +SMACK +SECCOMP +GCRYPT -GNUTLS +OPENSSL +ACL +BLKID +CURL +ELFUTILS +FIDO2 +IDN2 -IDN +IPTC +KMOD +LIBCRYPTSETUP +LIBFDISK +PCRE2 -PWQUALITY +P11KIT +QRENCODE +TPM2 +BZIP2 +LZ4 +XZ +ZLIB +ZSTD -BPF_FRAMEWORK -XKBCOMMON +UTMP +SYSVINIT default-hierarchy=unified)
2025-09-14T16:41:08.434101+00:00 killerser-desktop kernel: systemd[1]: Detected virtualization microsoft.
2025-09-14T16:41:08.434101+00:00 killerser-desktop kernel: systemd[1]: Detected architecture x86-64.
2025-09-14T16:41:08.434101+00:00 killerser-desktop kernel: systemd[1]: Hostname set to <killerser-desktop>.
2025-09-14T16:41:08.434102+00:00 killerser-desktop kernel: hv_storvsc 307b3c84-18b3-4150-85d3-70295e5285fa: tag#357 cmd 0x51 status: scsi 0x2 srb 0x84 hv 0xc0000001
2025-09-14T16:41:08.434103+00:00 killerser-desktop kernel: hv_storvsc 307b3c84-18b3-4150-85d3-70295e5285fa: tag#358 cmd 0x43 status: scsi 0x2 srb 0x84 hv 0xc0000001
2025-09-14T16:41:08.434104+00:00 killerser-desktop kernel: sr 0:0:0:1: [sr0] CDROM not ready.  Make sure there is a disc in the drive.
2025-09-14T16:41:08.434104+00:00 killerser-desktop kernel: systemd[1]: Queued start job for default target graphical.target.
2025-09-14T16:41:08.434104+00:00 killerser-desktop kernel: systemd[1]: Created slice system-modprobe.slice - Slice /system/modprobe.
2025-09-14T16:41:08.434104+00:00 killerser-desktop kernel: systemd[1]: Created slice system-systemd\x2dfsck.slice - Slice /system/systemd-fsck.
2025-09-14T16:41:08.434105+00:00 killerser-desktop kernel: systemd[1]: Created slice user.slice - User and Session Slice.
2025-09-14T16:41:08.434105+00:00 killerser-desktop kernel: systemd[1]: Started systemd-ask-password-wall.path - Forward Password Requests to Wall Directory Watch.
2025-09-14T16:41:08.434105+00:00 killerser-desktop kernel: systemd[1]: Set up automount proc-sys-fs-binfmt_misc.automount - Arbitrary Executable File Formats File System Automount Point.
2025-09-14T16:41:08.434105+00:00 killerser-desktop kernel: systemd[1]: Expecting device dev-disk-by\x2duuid-C847\x2d7705.device - /dev/disk/by-uuid/C847-7705...
2025-09-14T16:41:08.434106+00:00 killerser-desktop kernel: systemd[1]: Reached target integritysetup.target - Local Integrity Protected Volumes.
2025-09-14T16:41:08.434106+00:00 killerser-desktop kernel: systemd[1]: Reached target remote-fs.target - Remote File Systems.
2025-09-14T16:41:08.434106+00:00 killerser-desktop kernel: systemd[1]: Reached target slices.target - Slice Units.
2025-09-14T16:41:08.434106+00:00 killerser-desktop kernel: systemd[1]: Reached target snapd.mounts-pre.target - Mounting snaps.
2025-09-14T16:41:08.434107+00:00 killerser-desktop kernel: systemd[1]: Reached target veritysetup.target - Local Verity Protected Volumes.
2025-09-14T16:41:08.434107+00:00 killerser-desktop kernel: systemd[1]: Listening on syslog.socket - Syslog Socket.
2025-09-14T16:41:08.434107+00:00 killerser-desktop kernel: systemd[1]: Listening on systemd-fsckd.socket - fsck to fsckd communication Socket.
2025-09-14T16:41:08.434107+00:00 killerser-desktop kernel: systemd[1]: Listening on systemd-initctl.socket - initctl Compatibility Named Pipe.
2025-09-14T16:41:08.434108+00:00 killerser-desktop kernel: systemd[1]: Listening on systemd-journald-dev-log.socket - Journal Socket (/dev/log).
2025-09-14T16:41:08.434108+00:00 killerser-desktop kernel: systemd[1]: Listening on systemd-journald.socket - Journal Socket.
2025-09-14T16:41:08.434108+00:00 killerser-desktop kernel: systemd[1]: Listening on systemd-oomd.socket - Userspace Out-Of-Memory (OOM) Killer Socket.
2025-09-14T16:41:08.434109+00:00 killerser-desktop kernel: systemd[1]: systemd-pcrextend.socket - TPM2 PCR Extension (Varlink) was skipped because of an unmet condition check (ConditionSecurity=measured-uki).
2025-09-14T16:41:08.434109+00:00 killerser-desktop kernel: systemd[1]: Listening on systemd-udevd-control.socket - udev Control Socket.
2025-09-14T16:41:08.434109+00:00 killerser-desktop kernel: systemd[1]: Listening on systemd-udevd-kernel.socket - udev Kernel Socket.
2025-09-14T16:41:08.434109+00:00 killerser-desktop kernel: systemd[1]: Mounting dev-hugepages.mount - Huge Pages File System...
2025-09-14T16:41:08.434110+00:00 killerser-desktop kernel: systemd[1]: Mounting dev-mqueue.mount - POSIX Message Queue File System...
2025-09-14T16:41:08.434110+00:00 killerser-desktop kernel: systemd[1]: Mounting sys-kernel-debug.mount - Kernel Debug File System...
2025-09-14T16:41:08.434110+00:00 killerser-desktop kernel: systemd[1]: Mounting sys-kernel-tracing.mount - Kernel Trace File System...
2025-09-14T16:41:08.434110+00:00 killerser-desktop kernel: systemd[1]: Starting systemd-journald.service - Journal Service...
2025-09-14T16:41:08.434110+00:00 killerser-desktop kernel: systemd[1]: Starting keyboard-setup.service - Set the console keyboard layout...
2025-09-14T16:41:08.434111+00:00 killerser-desktop kernel: systemd[1]: Starting kmod-static-nodes.service - Create List of Static Device Nodes...
2025-09-14T16:41:08.434111+00:00 killerser-desktop kernel: systemd[1]: Starting modprobe@configfs.service - Load Kernel Module configfs...
2025-09-14T16:41:08.434111+00:00 killerser-desktop kernel: systemd[1]: Starting modprobe@dm_mod.service - Load Kernel Module dm_mod...
2025-09-14T16:41:08.434111+00:00 killerser-desktop kernel: systemd[1]: Starting modprobe@drm.service - Load Kernel Module drm...
2025-09-14T16:41:08.434112+00:00 killerser-desktop kernel: systemd[1]: Starting modprobe@efi_pstore.service - Load Kernel Module efi_pstore...
2025-09-14T16:41:08.434112+00:00 killerser-desktop kernel: systemd[1]: Starting modprobe@fuse.service - Load Kernel Module fuse...
2025-09-14T16:41:08.434112+00:00 killerser-desktop kernel: systemd[1]: Starting modprobe@loop.service - Load Kernel Module loop...
2025-09-14T16:41:08.434112+00:00 killerser-desktop kernel: systemd[1]: systemd-fsck-root.service - File System Check on Root Device was skipped because of an unmet condition check (ConditionPathExists=!/run/initramfs/fsck-root).
2025-09-14T16:41:08.434113+00:00 killerser-desktop kernel: systemd[1]: Starting systemd-modules-load.service - Load Kernel Modules...
2025-09-14T16:41:08.434113+00:00 killerser-desktop kernel: systemd[1]: systemd-pcrmachine.service - TPM2 PCR Machine ID Measurement was skipped because of an unmet condition check (ConditionSecurity=measured-uki).
2025-09-14T16:41:08.434113+00:00 killerser-desktop kernel: systemd[1]: Starting systemd-remount-fs.service - Remount Root and Kernel File Systems...
2025-09-14T16:41:08.434113+00:00 killerser-desktop kernel: systemd[1]: systemd-tpm2-setup-early.service - TPM2 SRK Setup (Early) was skipped because of an unmet condition check (ConditionSecurity=measured-uki).
2025-09-14T16:41:08.434114+00:00 killerser-desktop kernel: systemd[1]: Starting systemd-udev-trigger.service - Coldplug All udev Devices...
2025-09-14T16:41:08.434114+00:00 killerser-desktop kernel: pstore: Using crash dump compression: deflate
2025-09-14T16:41:08.434114+00:00 killerser-desktop kernel: systemd[1]: Mounted dev-hugepages.mount - Huge Pages File System.
2025-09-14T16:41:08.434115+00:00 killerser-desktop kernel: systemd[1]: Mounted dev-mqueue.mount - POSIX Message Queue File System.
2025-09-14T16:41:08.434115+00:00 killerser-desktop kernel: systemd[1]: Mounted sys-kernel-debug.mount - Kernel Debug File System.
2025-09-14T16:41:08.434115+00:00 killerser-desktop kernel: systemd[1]: Mounted sys-kernel-tracing.mount - Kernel Trace File System.
2025-09-14T16:41:08.434115+00:00 killerser-desktop kernel: systemd[1]: Finished kmod-static-nodes.service - Create List of Static Device Nodes.
2025-09-14T16:41:08.434115+00:00 killerser-desktop kernel: systemd[1]: modprobe@configfs.service: Deactivated successfully.
2025-09-14T16:41:08.434116+00:00 killerser-desktop kernel: systemd[1]: Finished modprobe@configfs.service - Load Kernel Module configfs.
2025-09-14T16:41:08.434116+00:00 killerser-desktop kernel: systemd[1]: modprobe@dm_mod.service: Deactivated successfully.
2025-09-14T16:41:08.434116+00:00 killerser-desktop kernel: systemd[1]: Finished modprobe@dm_mod.service - Load Kernel Module dm_mod.
2025-09-14T16:41:08.434116+00:00 killerser-desktop kernel: systemd[1]: modprobe@drm.service: Deactivated successfully.
2025-09-14T16:41:08.434117+00:00 killerser-desktop kernel: systemd[1]: Finished modprobe@drm.service - Load Kernel Module drm.
2025-09-14T16:41:08.434117+00:00 killerser-desktop kernel: systemd[1]: modprobe@fuse.service: Deactivated successfully.
2025-09-14T16:41:08.434117+00:00 killerser-desktop kernel: systemd[1]: Finished modprobe@fuse.service - Load Kernel Module fuse.
2025-09-14T16:41:08.434117+00:00 killerser-desktop kernel: systemd[1]: modprobe@loop.service: Deactivated successfully.
2025-09-14T16:41:08.434118+00:00 killerser-desktop kernel: systemd[1]: Finished modprobe@loop.service - Load Kernel Module loop.
2025-09-14T16:41:08.434118+00:00 killerser-desktop kernel: systemd[1]: Mounting sys-fs-fuse-connections.mount - FUSE Control File System...
2025-09-14T16:41:08.434118+00:00 killerser-desktop kernel: systemd[1]: Mounting sys-kernel-config.mount - Kernel Configuration File System...
2025-09-14T16:41:08.434118+00:00 killerser-desktop kernel: systemd[1]: systemd-repart.service - Repartition Root Disk was skipped because no trigger condition checks were met.
2025-09-14T16:41:08.434119+00:00 killerser-desktop kernel: systemd[1]: Starting systemd-tmpfiles-setup-dev-early.service - Create Static Device Nodes in /dev gracefully...
2025-09-14T16:41:08.434119+00:00 killerser-desktop kernel: systemd-journald[315]: Collecting audit messages is disabled.
2025-09-14T16:41:08.434119+00:00 killerser-desktop kernel: pstore: Registered efi_pstore as persistent store backend
2025-09-14T16:41:08.434119+00:00 killerser-desktop kernel: systemd[1]: modprobe@efi_pstore.service: Deactivated successfully.
2025-09-14T16:41:08.434119+00:00 killerser-desktop kernel: systemd[1]: Finished modprobe@efi_pstore.service - Load Kernel Module efi_pstore.
2025-09-14T16:41:08.434120+00:00 killerser-desktop kernel: systemd[1]: Mounted sys-fs-fuse-connections.mount - FUSE Control File System.
2025-09-14T16:41:08.434120+00:00 killerser-desktop kernel: systemd[1]: Mounted sys-kernel-config.mount - Kernel Configuration File System.
2025-09-14T16:41:08.434120+00:00 killerser-desktop kernel: systemd[1]: Started systemd-journald.service - Journal Service.
2025-09-14T16:41:08.434120+00:00 killerser-desktop kernel: EXT4-fs (sda2): re-mounted 38e327d4-722b-4933-8059-27674211dd2c r/w. Quota mode: none.
2025-09-14T16:41:08.434121+00:00 killerser-desktop kernel: lp: driver loaded but no devices found
2025-09-14T16:41:08.434121+00:00 killerser-desktop kernel: ppdev: user-space parallel port driver
2025-09-14T16:41:08.434121+00:00 killerser-desktop kernel: Adding 4194300k swap on /swap.img.  Priority:-2 extents:3 across:4464636k 
2025-09-14T16:41:08.434121+00:00 killerser-desktop kernel: systemd-journald[315]: Received client request to flush runtime journal.
2025-09-14T16:41:08.434122+00:00 killerser-desktop kernel: loop0: detected capacity change from 0 to 8
2025-09-14T16:41:08.434130+00:00 killerser-desktop kernel: loop1: detected capacity change from 0 to 151376
2025-09-14T16:41:08.434130+00:00 killerser-desktop kernel: loop2: detected capacity change from 0 to 502024
2025-09-14T16:41:08.434130+00:00 killerser-desktop kernel: loop3: detected capacity change from 0 to 22800
2025-09-14T16:41:08.434130+00:00 killerser-desktop kernel: loop4: detected capacity change from 0 to 1056784
2025-09-14T16:41:08.434131+00:00 killerser-desktop kernel: loop5: detected capacity change from 0 to 187776
2025-09-14T16:41:08.434131+00:00 killerser-desktop kernel: loop6: detected capacity change from 0 to 22176
2025-09-14T16:41:08.434131+00:00 killerser-desktop kernel: loop7: detected capacity change from 0 to 100952
2025-09-14T16:41:08.434132+00:00 killerser-desktop kernel: loop8: detected capacity change from 0 to 1152
2025-09-14T16:41:08.434132+00:00 killerser-desktop kernel: hv_vmbus: registering driver hv_balloon
2025-09-14T16:41:08.434132+00:00 killerser-desktop kernel: hv_balloon: Using Dynamic Memory protocol version 2.0
2025-09-14T16:41:08.434132+00:00 killerser-desktop kernel: hv_vmbus: registering driver hyperv_drm
2025-09-14T16:41:08.434133+00:00 killerser-desktop kernel: hyperv_drm 5620e0c7-8062-4dce-aeb7-520c7ef76171: [drm] Synthvid Version major 3, minor 5
2025-09-14T16:41:08.434133+00:00 killerser-desktop kernel: [drm] Initialized hyperv_drm 1.0.0 for 5620e0c7-8062-4dce-aeb7-520c7ef76171 on minor 1
2025-09-14T16:41:08.434133+00:00 killerser-desktop kernel: fbcon: Deferring console take-over
2025-09-14T16:41:08.434133+00:00 killerser-desktop kernel: hyperv_drm 5620e0c7-8062-4dce-aeb7-520c7ef76171: [drm] fb0: hyperv_drmdrmfb frame buffer device
2025-09-14T16:41:08.434134+00:00 killerser-desktop kernel: RAPL PMU: API unit is 2^-32 Joules, 0 fixed counters, 10737418240 ms ovfl timer
2025-09-14T16:41:08.434134+00:00 killerser-desktop kernel: cryptd: max_cpu_qlen set to 1000
2025-09-14T16:41:08.434134+00:00 killerser-desktop kernel: AES CTR mode by8 optimization enabled
2025-09-14T16:41:08.434134+00:00 killerser-desktop kernel: hv_storvsc 307b3c84-18b3-4150-85d3-70295e5285fa: tag#378 cmd 0x51 status: scsi 0x2 srb 0x84 hv 0xc0000001
2025-09-14T16:41:08.434135+00:00 killerser-desktop kernel: hv_storvsc 307b3c84-18b3-4150-85d3-70295e5285fa: tag#379 cmd 0x43 status: scsi 0x2 srb 0x84 hv 0xc0000001
2025-09-14T16:41:08.434135+00:00 killerser-desktop kernel: sr 0:0:0:1: [sr0] CDROM not ready.  Make sure there is a disc in the drive.
2025-09-14T16:41:08.434135+00:00 killerser-desktop kernel: audit: type=1400 audit(1757868065.665:4): apparmor="STATUS" operation="profile_load" profile="unconfined" name="buildah" pid=653 comm="apparmor_parser"
2025-09-14T16:41:08.434135+00:00 killerser-desktop kernel: audit: type=1400 audit(1757868065.665:5): apparmor="STATUS" operation="profile_load" profile="unconfined" name="brave" pid=652 comm="apparmor_parser"
2025-09-14T16:41:08.434136+00:00 killerser-desktop kernel: audit: type=1400 audit(1757868065.665:6): apparmor="STATUS" operation="profile_load" profile="unconfined" name="QtWebEngineProcess" pid=650 comm="apparmor_parser"
2025-09-14T16:41:08.434136+00:00 killerser-desktop kernel: audit: type=1400 audit(1757868065.665:7): apparmor="STATUS" operation="profile_load" profile="unconfined" name="Discord" pid=648 comm="apparmor_parser"
2025-09-14T16:41:08.434136+00:00 killerser-desktop kernel: audit: type=1400 audit(1757868065.665:8): apparmor="STATUS" operation="profile_load" profile="unconfined" name="balena-etcher" pid=651 comm="apparmor_parser"
